Removed Pin From Net: NetName=+5 Pin=C1-1
Removed Pin From Net: NetName=GND Pin=C1-2
Removed Pin From Net: NetName=+5 Pin=C2-1
Removed Pin From Net: NetName=GND Pin=C2-2
Removed Pin From Net: NetName=NetC3_1 Pin=C3-1
Removed Pin From Net: NetName=NetC3_2 Pin=C3-2
Removed Pin From Net: NetName=+5 Pin=C4-1
Removed Pin From Net: NetName=GND Pin=C4-2
Removed Pin From Net: NetName=+5 Pin=C5-1
Removed Pin From Net: NetName=GND Pin=C5-2
Removed Pin From Net: NetName=NetC8_1 Pin=C8-1
Removed Pin From Net: NetName=NetC8_2 Pin=C8-2
Removed Pin From Net: NetName=+5 Pin=C10-1
Removed Pin From Net: NetName=GND Pin=C10-2
Removed Pin From Net: NetName=GND Pin=C11-1
Removed Pin From Net: NetName=+5 Pin=C11-2
Removed Pin From Net: NetName=GND Pin=C12-1
Removed Pin From Net: NetName=+5 Pin=C12-2
Removed Pin From Net: NetName=NetC13_1 Pin=C13-1
Removed Pin From Net: NetName=NetC13_2 Pin=C13-2
Removed Pin From Net: NetName=+5 Pin=C14-1
Removed Pin From Net: NetName=GND Pin=C14-2
Removed Pin From Net: NetName=+5 Pin=C15-1
Removed Pin From Net: NetName=GND Pin=C15-2
Removed Pin From Net: NetName=NetC16_1 Pin=C16-1
Removed Pin From Net: NetName=NetC16_2 Pin=C16-2
Removed Pin From Net: NetName=+5 Pin=C17-1
Removed Pin From Net: NetName=GND Pin=C17-2
Removed Pin From Net: NetName=NetC18_1 Pin=C18-1
Removed Pin From Net: NetName=NetC18_2 Pin=C18-2
Removed Pin From Net: NetName=+5 Pin=C19-1
Removed Pin From Net: NetName=GND Pin=C19-2
Removed Pin From Net: NetName=+5 Pin=C20-1
Removed Pin From Net: NetName=GND Pin=C20-2
Removed Pin From Net: NetName=NetC21_1 Pin=C21-1
Removed Pin From Net: NetName=NetC21_2 Pin=C21-2
Removed Pin From Net: NetName=NetC13_2 Pin=DA2-1
Removed Pin From Net: NetName=GND Pin=DA3-1
Removed Pin From Net: NetName=NetC18_1 Pin=DA3-2
Removed Pin From Net: NetName=GND Pin=DA3-3
Removed Pin From Net: NetName=GND Pin=DA3-4
Removed Pin From Net: NetName=GND Pin=DA3-5
Removed Pin From Net: NetName=GND Pin=DA3-6
Removed Pin From Net: NetName=GND Pin=DA3-7
Removed Pin From Net: NetName=NetC8_2 Pin=DA3-8
Removed Pin From Net: NetName=GND Pin=DA3-9
Removed Pin From Net: NetName=GND Pin=DA3-10
Removed Pin From Net: NetName=GND Pin=DA3-13
Removed Pin From Net: NetName=GND Pin=DA5-1
Removed Pin From Net: NetName=NetC21_1 Pin=DA5-2
Removed Pin From Net: NetName=GND Pin=DA5-3
Removed Pin From Net: NetName=GND Pin=DA5-4
Removed Pin From Net: NetName=GND Pin=DA5-5
Removed Pin From Net: NetName=GND Pin=DA5-6
Removed Pin From Net: NetName=GND Pin=DA5-7
Removed Pin From Net: NetName=NetC16_2 Pin=DA5-8
Removed Pin From Net: NetName=GND Pin=DA5-9
Removed Pin From Net: NetName=GND Pin=DA5-10
Removed Pin From Net: NetName=GND Pin=DA5-13
Removed Pin From Net: NetName=GND Pin=DA6-1
Removed Pin From Net: NetName=NetDA6_2 Pin=DA6-2
Removed Pin From Net: NetName=GND Pin=DA6-3
Removed Pin From Net: NetName=GND Pin=DA6-4
Removed Pin From Net: NetName=GND Pin=DA6-5
Removed Pin From Net: NetName=GND Pin=DA6-6
Removed Pin From Net: NetName=GND Pin=DA6-7
Removed Pin From Net: NetName=NetC18_2 Pin=DA6-8
Removed Pin From Net: NetName=GND Pin=DA6-9
Removed Pin From Net: NetName=GND Pin=DA6-10
Removed Pin From Net: NetName=GND Pin=DA6-13
Removed Pin From Net: NetName=GND Pin=DA7-1
Removed Pin From Net: NetName=NetDA7_2 Pin=DA7-2
Removed Pin From Net: NetName=GND Pin=DA7-3
Removed Pin From Net: NetName=GND Pin=DA7-4
Removed Pin From Net: NetName=GND Pin=DA7-5
Removed Pin From Net: NetName=GND Pin=DA7-6
Removed Pin From Net: NetName=GND Pin=DA7-7
Removed Pin From Net: NetName=NetC21_2 Pin=DA7-8
Removed Pin From Net: NetName=GND Pin=DA7-9
Removed Pin From Net: NetName=GND Pin=DA7-10
Removed Pin From Net: NetName=GND Pin=DA7-13
Removed Pin From Net: NetName=NetC3_2 Pin=L1-1
Removed Pin From Net: NetName=+5 Pin=L1-2
Removed Pin From Net: NetName=GND Pin=L2-1
Removed Pin From Net: NetName=NetC9_1 Pin=L2-2
Removed Pin From Net: NetName=NetC8_2 Pin=L3-1
Removed Pin From Net: NetName=+5 Pin=L3-2
Removed Pin From Net: NetName=GND Pin=L5-1
Removed Pin From Net: NetName=NetC18_1 Pin=L5-2
Removed Pin From Net: NetName=GND Pin=L6-1
Removed Pin From Net: NetName=NetDA4_2 Pin=L6-2
Removed Pin From Net: NetName=NetC16_2 Pin=L7-1
Removed Pin From Net: NetName=+5 Pin=L7-2
Removed Pin From Net: NetName=GND Pin=L8-1
Removed Pin From Net: NetName=NetC21_1 Pin=L8-2
Removed Pin From Net: NetName=NetC18_2 Pin=L9-1
Removed Pin From Net: NetName=+5 Pin=L9-2
Removed Pin From Net: NetName=GND Pin=L10-1
Removed Pin From Net: NetName=NetDA6_2 Pin=L10-2
Removed Pin From Net: NetName=NetC21_2 Pin=L11-1
Removed Pin From Net: NetName=+5 Pin=L11-2
Removed Pin From Net: NetName=GND Pin=L12-1
Removed Pin From Net: NetName=NetDA7_2 Pin=L12-2
Removed Pin From Net: NetName=GND Pin=R1-1
Removed Pin From Net: NetName=NetC13_1 Pin=R1-2
Removed Pin From Net: NetName=NetDA6_2 Pin=XW2-1
Removed Pin From Net: NetName=GND Pin=XW2-2
Removed Pin From Net: NetName=GND Pin=XW2-2
Removed Pin From Net: NetName=GND Pin=XW2-2
Removed Pin From Net: NetName=GND Pin=XW2-2
Removed Pin From Net: NetName=NetDA7_2 Pin=XW4-1
Removed Pin From Net: NetName=GND Pin=XW4-2
Removed Pin From Net: NetName=GND Pin=XW4-2
Removed Pin From Net: NetName=GND Pin=XW4-2
Removed Pin From Net: NetName=GND Pin=XW4-2
Added Component: Designator=C1(FP-GJM155-0_05-IPC_A)
Added Component: Designator=C2(FP-GJM155-0_05-IPC_A)
Added Component: Designator=C3(FP-GJM155-0_05-IPC_A)
Added Component: Designator=C4(FP-GJM155-0_05-IPC_A)
Added Component: Designator=C5(FP-GJM155-0_05-IPC_A)
Added Component: Designator=C8(FP-GJM155-0_05-IPC_A)
Added Component: Designator=C10(FP-GJM155-0_05-IPC_A)
Added Component: Designator=C11(FP-GJM155-0_05-IPC_A)
Added Component: Designator=C12(FP-GJM155-0_05-IPC_A)
Added Component: Designator=C13(FP-GJM155-0_05-IPC_A)
Added Component: Designator=C14(FP-GJM155-0_05-IPC_A)
Added Component: Designator=C15(FP-GJM155-0_05-IPC_A)
Added Component: Designator=C16(FP-GJM155-0_05-IPC_A)
Added Component: Designator=C17(FP-GJM155-0_05-IPC_A)
Added Component: Designator=C18(FP-GJM155-0_05-IPC_A)
Added Component: Designator=C19(FP-GJM155-0_05-IPC_A)
Added Component: Designator=C20(FP-GJM155-0_05-IPC_A)
Added Component: Designator=C21(FP-GJM155-0_05-IPC_A)
Added Component: Designator=DA3(FP-DQ1225-IPC_A)
Add component (AddParameter): Name = "ClassName"; Value = "AMP1"; VariantName = "[No Variations]"
Added Component: Designator=DA5(FP-DQ1225-IPC_A)
Add component (AddParameter): Name = "ClassName"; Value = "AMP1"; VariantName = "[No Variations]"
Added Component: Designator=DA6(FP-DQ1225-IPC_A)
Add component (AddParameter): Name = "ClassName"; Value = "AMP1"; VariantName = "[No Variations]"
Added Component: Designator=DA7(FP-DQ1225-IPC_A)
Add component (AddParameter): Name = "ClassName"; Value = "AMP1"; VariantName = "[No Variations]"
Added Component: Designator=L1(FP-0402HP-MFG)
Added Component: Designator=L2(FP-0402HP-MFG)
Added Component: Designator=L3(FP-0402HP-MFG)
Added Component: Designator=L5(FP-0402HP-MFG)
Added Component: Designator=L7(FP-0402HP-MFG)
Added Component: Designator=L8(FP-0402HP-MFG)
Added Component: Designator=L9(FP-0402HP-MFG)
Added Component: Designator=L10(FP-0402HP-MFG)
Added Component: Designator=L11(FP-0402HP-MFG)
Added Component: Designator=L12(FP-0402HP-MFG)
Added Component: Designator=R1(RES0805)
Added Component: Designator=XW2(S-P2152-19CQA)
Add component (AddParameter): Name = "ClassName"; Value = "AMP1"; VariantName = "[No Variations]"
Added Component: Designator=XW4(S-P2152-19CQA)
Add component (AddParameter): Name = "ClassName"; Value = "AMP1"; VariantName = "[No Variations]"
Added Pin To Net: NetName=+5 Pin=C1-1
Added Pin To Net: NetName=GND Pin=C1-2
Added Pin To Net: NetName=+5 Pin=C2-1
Added Pin To Net: NetName=GND Pin=C2-2
Added Pin To Net: NetName=NetC3_1 Pin=C3-1
Added Pin To Net: NetName=NetC3_2 Pin=C3-2
Added Pin To Net: NetName=+5 Pin=C4-1
Added Pin To Net: NetName=GND Pin=C4-2
Added Pin To Net: NetName=+5 Pin=C5-1
Added Pin To Net: NetName=GND Pin=C5-2
Added Pin To Net: NetName=NetC8_1 Pin=C8-1
Added Pin To Net: NetName=NetC8_2 Pin=C8-2
Added Pin To Net: NetName=+5 Pin=C10-1
Added Pin To Net: NetName=GND Pin=C10-2
Added Pin To Net: NetName=+5 Pin=C11-1
Added Pin To Net: NetName=GND Pin=C11-2
Added Pin To Net: NetName=+5 Pin=C12-1
Added Pin To Net: NetName=GND Pin=C12-2
Added Pin To Net: NetName=NetC13_1 Pin=C13-1
Added Pin To Net: NetName=NetC13_2 Pin=C13-2
Added Pin To Net: NetName=+5 Pin=C14-1
Added Pin To Net: NetName=GND Pin=C14-2
Added Pin To Net: NetName=+5 Pin=C15-1
Added Pin To Net: NetName=GND Pin=C15-2
Added Pin To Net: NetName=NetC16_1 Pin=C16-1
Added Pin To Net: NetName=NetC16_2 Pin=C16-2
Added Pin To Net: NetName=+5 Pin=C17-1
Added Pin To Net: NetName=GND Pin=C17-2
Added Pin To Net: NetName=NetC18_1 Pin=C18-1
Added Pin To Net: NetName=NetC18_2 Pin=C18-2
Added Pin To Net: NetName=+5 Pin=C19-1
Added Pin To Net: NetName=GND Pin=C19-2
Added Pin To Net: NetName=+5 Pin=C20-1
Added Pin To Net: NetName=GND Pin=C20-2
Added Pin To Net: NetName=NetC21_1 Pin=C21-1
Added Pin To Net: NetName=NetC21_2 Pin=C21-2
Added Pin To Net: NetName=NetC13_1 Pin=DA2-1
Added Pin To Net: NetName=GND Pin=DA3-1
Added Pin To Net: NetName=NetC18_1 Pin=DA3-2
Added Pin To Net: NetName=GND Pin=DA3-3
Added Pin To Net: NetName=GND Pin=DA3-4
Added Pin To Net: NetName=GND Pin=DA3-5
Added Pin To Net: NetName=GND Pin=DA3-6
Added Pin To Net: NetName=GND Pin=DA3-7
Added Pin To Net: NetName=NetC8_2 Pin=DA3-8
Added Pin To Net: NetName=GND Pin=DA3-9
Added Pin To Net: NetName=GND Pin=DA3-10
Added Pin To Net: NetName=GND Pin=DA3-13
Added Pin To Net: NetName=GND Pin=DA5-1
Added Pin To Net: NetName=NetC21_1 Pin=DA5-2
Added Pin To Net: NetName=GND Pin=DA5-3
Added Pin To Net: NetName=GND Pin=DA5-4
Added Pin To Net: NetName=GND Pin=DA5-5
Added Pin To Net: NetName=GND Pin=DA5-6
Added Pin To Net: NetName=GND Pin=DA5-7
Added Pin To Net: NetName=NetC16_2 Pin=DA5-8
Added Pin To Net: NetName=GND Pin=DA5-9
Added Pin To Net: NetName=GND Pin=DA5-10
Added Pin To Net: NetName=GND Pin=DA5-13
Added Pin To Net: NetName=GND Pin=DA6-1
Added Pin To Net: NetName=NetDA6_2 Pin=DA6-2
Added Pin To Net: NetName=GND Pin=DA6-3
Added Pin To Net: NetName=GND Pin=DA6-4
Added Pin To Net: NetName=GND Pin=DA6-5
Added Pin To Net: NetName=GND Pin=DA6-6
Added Pin To Net: NetName=GND Pin=DA6-7
Added Pin To Net: NetName=NetC18_2 Pin=DA6-8
Added Pin To Net: NetName=GND Pin=DA6-9
Added Pin To Net: NetName=GND Pin=DA6-10
Added Pin To Net: NetName=GND Pin=DA6-13
Added Pin To Net: NetName=GND Pin=DA7-1
Added Pin To Net: NetName=NetDA7_2 Pin=DA7-2
Added Pin To Net: NetName=GND Pin=DA7-3
Added Pin To Net: NetName=GND Pin=DA7-4
Added Pin To Net: NetName=GND Pin=DA7-5
Added Pin To Net: NetName=GND Pin=DA7-6
Added Pin To Net: NetName=GND Pin=DA7-7
Added Pin To Net: NetName=NetC21_2 Pin=DA7-8
Added Pin To Net: NetName=GND Pin=DA7-9
Added Pin To Net: NetName=GND Pin=DA7-10
Added Pin To Net: NetName=GND Pin=DA7-13
Added Pin To Net: NetName=NetC3_2 Pin=L1-1
Added Pin To Net: NetName=+5 Pin=L1-2
Added Pin To Net: NetName=NetC9_1 Pin=L2-1
Added Pin To Net: NetName=GND Pin=L2-2
Added Pin To Net: NetName=NetC8_2 Pin=L3-1
Added Pin To Net: NetName=+5 Pin=L3-2
Added Pin To Net: NetName=NetC18_1 Pin=L5-1
Added Pin To Net: NetName=GND Pin=L5-2
Added Pin To Net: NetName=NetDA4_2 Pin=L6-1
Added Pin To Net: NetName=GND Pin=L6-2
Added Pin To Net: NetName=NetC16_2 Pin=L7-1
Added Pin To Net: NetName=+5 Pin=L7-2
Added Pin To Net: NetName=NetC21_1 Pin=L8-1
Added Pin To Net: NetName=GND Pin=L8-2
Added Pin To Net: NetName=NetC18_2 Pin=L9-1
Added Pin To Net: NetName=+5 Pin=L9-2
Added Pin To Net: NetName=NetDA6_2 Pin=L10-1
Added Pin To Net: NetName=GND Pin=L10-2
Added Pin To Net: NetName=NetC21_2 Pin=L11-1
Added Pin To Net: NetName=+5 Pin=L11-2
Added Pin To Net: NetName=NetDA7_2 Pin=L12-1
Added Pin To Net: NetName=GND Pin=L12-2
Added Pin To Net: NetName=GND Pin=R1-1
Added Pin To Net: NetName=NetC13_2 Pin=R1-2
Added Pin To Net: NetName=NetDA6_2 Pin=XW2-1
Added Pin To Net: NetName=GND Pin=XW2-2
Added Pin To Net: NetName=GND Pin=XW2-2
Added Pin To Net: NetName=GND Pin=XW2-2
Added Pin To Net: NetName=GND Pin=XW2-2
Added Pin To Net: NetName=NetDA7_2 Pin=XW4-1
Added Pin To Net: NetName=GND Pin=XW4-2
Added Pin To Net: NetName=GND Pin=XW4-2
Added Pin To Net: NetName=GND Pin=XW4-2
Added Pin To Net: NetName=GND Pin=XW4-2
Added Member To Class: ClassName=Принципиальная схема ЕСКД Member=Component C1 10nF
Added Member To Class: ClassName=Принципиальная схема ЕСКД Member=Component C2 10pF
Added Member To Class: ClassName=Принципиальная схема ЕСКД Member=Component C3 100 pF
Added Member To Class: ClassName=Принципиальная схема ЕСКД Member=Component C4 10nF
Added Member To Class: ClassName=Принципиальная схема ЕСКД Member=Component C5 10pF
Added Member To Class: ClassName=Принципиальная схема ЕСКД Member=Component C8 100 pF
Added Member To Class: ClassName=Принципиальная схема ЕСКД Member=Component C10 10pF
Added Member To Class: ClassName=Принципиальная схема ЕСКД Member=Component C11 10pF
Added Member To Class: ClassName=Принципиальная схема ЕСКД Member=Component C12 10nF
Added Member To Class: ClassName=Принципиальная схема ЕСКД Member=Component C13 10nF
Added Member To Class: ClassName=Принципиальная схема ЕСКД Member=Component C14 10pF
Added Member To Class: ClassName=Принципиальная схема ЕСКД Member=Component C15 10nF
Added Member To Class: ClassName=Принципиальная схема ЕСКД Member=Component C16 100 pF
Added Member To Class: ClassName=Принципиальная схема ЕСКД Member=Component C17 10nF
Added Member To Class: ClassName=Принципиальная схема ЕСКД Member=Component C18 100 pF
Added Member To Class: ClassName=Принципиальная схема ЕСКД Member=Component C19 10pF
Added Member To Class: ClassName=Принципиальная схема ЕСКД Member=Component C20 10nF
Added Member To Class: ClassName=Принципиальная схема ЕСКД Member=Component C21 100 pF
Added Member To Class: ClassName=AMP1 Member=Component DA3 PMA3-83LN+
Added Member To Class: ClassName=Принципиальная схема ЕСКД Member=Component DA3 PMA3-83LN+
Added Member To Class: ClassName=AMP1 Member=Component DA5 PMA3-83LN+
Added Member To Class: ClassName=Принципиальная схема ЕСКД Member=Component DA5 PMA3-83LN+
Added Member To Class: ClassName=AMP1 Member=Component DA6 PMA3-83LN+
Added Member To Class: ClassName=Принципиальная схема ЕСКД Member=Component DA6 PMA3-83LN+
Added Member To Class: ClassName=AMP1 Member=Component DA7 PMA3-83LN+
Added Member To Class: ClassName=Принципиальная схема ЕСКД Member=Component DA7 PMA3-83LN+
Added Member To Class: ClassName=Принципиальная схема ЕСКД Member=Component L1 39 nH
Added Member To Class: ClassName=Принципиальная схема ЕСКД Member=Component L2 18nH
Added Member To Class: ClassName=Принципиальная схема ЕСКД Member=Component L3 39 nH
Added Member To Class: ClassName=Принципиальная схема ЕСКД Member=Component L5 18nH
Added Member To Class: ClassName=Принципиальная схема ЕСКД Member=Component L7 39 nH
Added Member To Class: ClassName=Принципиальная схема ЕСКД Member=Component L8 18nH
Added Member To Class: ClassName=Принципиальная схема ЕСКД Member=Component L9 39 nH
Added Member To Class: ClassName=Принципиальная схема ЕСКД Member=Component L10 18nH
Added Member To Class: ClassName=Принципиальная схема ЕСКД Member=Component L11 39 nH
Added Member To Class: ClassName=Принципиальная схема ЕСКД Member=Component L12 18nH
Added Member To Class: ClassName=Принципиальная схема ЕСКД Member=Component R1 50 Om
Added Member To Class: ClassName=AMP1 Member=Component XW2 SMA
Added Member To Class: ClassName=Принципиальная схема ЕСКД Member=Component XW2 SMA
Added Member To Class: ClassName=AMP1 Member=Component XW4 SMA
Added Member To Class: ClassName=Принципиальная схема ЕСКД Member=Component XW4 SMA
