Removed Pin From Net: NetName=GND Pin=C11-1
Removed Pin From Net: NetName=+5 Pin=C11-2
Removed Pin From Net: NetName=GND Pin=C12-1
Removed Pin From Net: NetName=+5 Pin=C12-2
Removed Pin From Net: NetName=NetC13_2 Pin=DA2-1
Removed Pin From Net: NetName=GND Pin=L2-1
Removed Pin From Net: NetName=NetC9_1 Pin=L2-2
Removed Pin From Net: NetName=GND Pin=L5-1
Removed Pin From Net: NetName=NetC18_1 Pin=L5-2
Removed Pin From Net: NetName=GND Pin=L6-1
Removed Pin From Net: NetName=NetDA4_2 Pin=L6-2
Removed Pin From Net: NetName=GND Pin=L8-1
Removed Pin From Net: NetName=NetC21_1 Pin=L8-2
Removed Pin From Net: NetName=GND Pin=L10-1
Removed Pin From Net: NetName=NetDA6_2 Pin=L10-2
Removed Pin From Net: NetName=GND Pin=L12-1
Removed Pin From Net: NetName=NetDA7_2 Pin=L12-2
Removed Pin From Net: NetName=NetC13_1 Pin=R1-2
Change Component Footprint: Designator=R1 Old Footprint=FP-CR0402-IPC_A New Footprint=RES0805
Change Component Comment : Designator=C2 Old Comment=10nF New Comment=10pF
Change Component Comment : Designator=C5 Old Comment=10nF New Comment=10pF
Change Component Comment : Designator=C11 Old Comment=10 nF New Comment=10pF
Change Component Comment : Designator=C1 Old Comment=10pF New Comment=10nF
Change Component Comment : Designator=C4 Old Comment=10pF New Comment=10nF
Change Component Comment : Designator=C12 Old Comment=10 pF New Comment=10nF
Change Component Comment : Designator=L5 Old Comment=18nF New Comment=18nH
Change Component Comment : Designator=L3 Old Comment=39nH New Comment=39 nH
Change Component Comment : Designator=L7 Old Comment=39nH New Comment=39 nH
Change Component Comment : Designator=R1 Old Comment=100 New Comment=50 Om
Change Component Comment : Designator=C13 Old Comment=100pF New Comment=10nF
Change Component Comment : Designator=C8 Old Comment=100pF New Comment=100 pF
Change Component Comment : Designator=C16 Old Comment=100pF New Comment=100 pF
Change component parameters: Designator = "C1" ("C1"); Footprint = "FP-GJM155-0_05-IPC_A"; UniqueID = "\TFQWMRXC" ("\TFQWMRXC")
Change component parameters (AddParameter): Name = "Dielectric"; Value = "COG"; VariantName = "[No Variations]"
Change component parameters (AddParameter): Name = "Manufacturer"; Value = "Murata"; VariantName = "[No Variations]"
Change component parameters (AddParameter): Name = "Package"; Value = "0402"; VariantName = "[No Variations]"
Change component parameters (AddParameter): Name = "Part_number"; Value = "GRM1555C1H101JA01D"; VariantName = "[No Variations]"
Change component parameters (AddParameter): Name = "Tolerance"; Value = "10%"; VariantName = "[No Variations]"
Change component parameters (AddParameter): Name = "Value"; Value = "10nF"; VariantName = "[No Variations]"
Change component parameters (AddParameter): Name = "VDC"; Value = "25"; VariantName = "[No Variations]"
Change component parameters: Designator = "C2" ("C2"); Footprint = "FP-GJM155-0_05-IPC_A"; UniqueID = "\RCDKRJRB" ("\RCDKRJRB")
Change component parameters (AddParameter): Name = "Dielectric"; Value = "C0G"; VariantName = "[No Variations]"
Change component parameters (AddParameter): Name = "Manufacturer"; Value = "Murata"; VariantName = "[No Variations]"
Change component parameters (AddParameter): Name = "Package"; Value = "0402"; VariantName = "[No Variations]"
Change component parameters (AddParameter): Name = "Part_number"; Value = "GJM1555C1H100JB01D"; VariantName = "[No Variations]"
Change component parameters (AddParameter): Name = "Tolerance"; Value = "5%"; VariantName = "[No Variations]"
Change component parameters (AddParameter): Name = "Value"; Value = "10pF"; VariantName = "[No Variations]"
Change component parameters (AddParameter): Name = "VDC"; Value = "50"; VariantName = "[No Variations]"
Change component parameters: Designator = "C3" ("C3"); Footprint = "FP-GJM155-0_05-IPC_A"; UniqueID = "\OWRVJBKY" ("\OWRVJBKY")
Change component parameters (AddParameter): Name = "Dielectric"; Value = "COG"; VariantName = "[No Variations]"
Change component parameters (AddParameter): Name = "Manufacturer"; Value = "Murata"; VariantName = "[No Variations]"
Change component parameters (AddParameter): Name = "Package"; Value = "0402"; VariantName = "[No Variations]"
Change component parameters (AddParameter): Name = "Part_number"; Value = "GRM1555C1H101JA01D"; VariantName = "[No Variations]"
Change component parameters (AddParameter): Name = "Tolerance"; Value = "5%"; VariantName = "[No Variations]"
Change component parameters (AddParameter): Name = "Value"; Value = "100pF"; VariantName = "[No Variations]"
Change component parameters (AddParameter): Name = "VDC"; Value = "50"; VariantName = "[No Variations]"
Change component parameters: Designator = "C4" ("C4"); Footprint = "FP-GJM155-0_05-IPC_A"; UniqueID = "\JTRYLRLR" ("\JTRYLRLR")
Change component parameters (AddParameter): Name = "Dielectric"; Value = "COG"; VariantName = "[No Variations]"
Change component parameters (AddParameter): Name = "Manufacturer"; Value = "Murata"; VariantName = "[No Variations]"
Change component parameters (AddParameter): Name = "Package"; Value = "0402"; VariantName = "[No Variations]"
Change component parameters (AddParameter): Name = "Part_number"; Value = "GRM1555C1H101JA01D"; VariantName = "[No Variations]"
Change component parameters (AddParameter): Name = "Tolerance"; Value = "10%"; VariantName = "[No Variations]"
Change component parameters (AddParameter): Name = "Value"; Value = "10nF"; VariantName = "[No Variations]"
Change component parameters (AddParameter): Name = "VDC"; Value = "25"; VariantName = "[No Variations]"
Change component parameters: Designator = "C5" ("C5"); Footprint = "FP-GJM155-0_05-IPC_A"; UniqueID = "\ZJZLJOCO" ("\ZJZLJOCO")
Change component parameters (AddParameter): Name = "Dielectric"; Value = "C0G"; VariantName = "[No Variations]"
Change component parameters (AddParameter): Name = "Manufacturer"; Value = "Murata"; VariantName = "[No Variations]"
Change component parameters (AddParameter): Name = "Package"; Value = "0402"; VariantName = "[No Variations]"
Change component parameters (AddParameter): Name = "Part_number"; Value = "GJM1555C1H100JB01D"; VariantName = "[No Variations]"
Change component parameters (AddParameter): Name = "Tolerance"; Value = "5%"; VariantName = "[No Variations]"
Change component parameters (AddParameter): Name = "Value"; Value = "10pF"; VariantName = "[No Variations]"
Change component parameters (AddParameter): Name = "VDC"; Value = "50"; VariantName = "[No Variations]"
Change component parameters: Designator = "C6" ("C6"); Footprint = "FP-GJM155-0_05-IPC_A"; UniqueID = "\DFGJKIZK" ("\DFGJKIZK")
Change component parameters (AddParameter): Name = "Dielectric"; Value = "C0G"; VariantName = "[No Variations]"
Change component parameters (AddParameter): Name = "Manufacturer"; Value = "Murata"; VariantName = "[No Variations]"
Change component parameters (AddParameter): Name = "Package"; Value = "0402"; VariantName = "[No Variations]"
Change component parameters (AddParameter): Name = "Part_number"; Value = "GJM1555C1H100JB01D"; VariantName = "[No Variations]"
Change component parameters (AddParameter): Name = "Tolerance"; Value = "5%"; VariantName = "[No Variations]"
Change component parameters (AddParameter): Name = "Value"; Value = "10pF"; VariantName = "[No Variations]"
Change component parameters (AddParameter): Name = "VDC"; Value = "50"; VariantName = "[No Variations]"
Change component parameters: Designator = "C7" ("C7"); Footprint = "FP-GJM155-0_05-IPC_A"; UniqueID = "\VPDWYYLG" ("\VPDWYYLG")
Change component parameters (AddParameter): Name = "Dielectric"; Value = "COG"; VariantName = "[No Variations]"
Change component parameters (AddParameter): Name = "Manufacturer"; Value = "Murata"; VariantName = "[No Variations]"
Change component parameters (AddParameter): Name = "Package"; Value = "0402"; VariantName = "[No Variations]"
Change component parameters (AddParameter): Name = "Part_number"; Value = "GRM1555C1H101JA01D"; VariantName = "[No Variations]"
Change component parameters (AddParameter): Name = "Tolerance"; Value = "10%"; VariantName = "[No Variations]"
Change component parameters (AddParameter): Name = "Value"; Value = "10nF"; VariantName = "[No Variations]"
Change component parameters (AddParameter): Name = "VDC"; Value = "25"; VariantName = "[No Variations]"
Change component parameters: Designator = "C8" ("C8"); Footprint = "FP-GJM155-0_05-IPC_A"; UniqueID = "\FOTHTBLB" ("\FOTHTBLB")
Change component parameters (AddParameter): Name = "Dielectric"; Value = "COG"; VariantName = "[No Variations]"
Change component parameters (AddParameter): Name = "Manufacturer"; Value = "Murata"; VariantName = "[No Variations]"
Change component parameters (AddParameter): Name = "Package"; Value = "0402"; VariantName = "[No Variations]"
Change component parameters (AddParameter): Name = "Part_number"; Value = "GRM1555C1H101JA01D"; VariantName = "[No Variations]"
Change component parameters (AddParameter): Name = "Tolerance"; Value = "5%"; VariantName = "[No Variations]"
Change component parameters (AddParameter): Name = "Value"; Value = "100pF"; VariantName = "[No Variations]"
Change component parameters (AddParameter): Name = "VDC"; Value = "50"; VariantName = "[No Variations]"
Change component parameters: Designator = "C9" ("C9"); Footprint = "FP-GJM155-0_05-IPC_A"; UniqueID = "\CUONUOGS" ("\CUONUOGS")
Change component parameters (AddParameter): Name = "Dielectric"; Value = "COG"; VariantName = "[No Variations]"
Change component parameters (AddParameter): Name = "Manufacturer"; Value = "Murata"; VariantName = "[No Variations]"
Change component parameters (AddParameter): Name = "Package"; Value = "0402"; VariantName = "[No Variations]"
Change component parameters (AddParameter): Name = "Part_number"; Value = "GRM1555C1H101JA01D"; VariantName = "[No Variations]"
Change component parameters (AddParameter): Name = "Tolerance"; Value = "5%"; VariantName = "[No Variations]"
Change component parameters (AddParameter): Name = "Value"; Value = "100pF"; VariantName = "[No Variations]"
Change component parameters (AddParameter): Name = "VDC"; Value = "50"; VariantName = "[No Variations]"
Change component parameters: Designator = "C10" ("C10"); Footprint = "FP-GJM155-0_05-IPC_A"; UniqueID = "\ENDOGZJF" ("\ENDOGZJF")
Change component parameters (AddParameter): Name = "Dielectric"; Value = "C0G"; VariantName = "[No Variations]"
Change component parameters (AddParameter): Name = "Manufacturer"; Value = "Murata"; VariantName = "[No Variations]"
Change component parameters (AddParameter): Name = "Package"; Value = "0402"; VariantName = "[No Variations]"
Change component parameters (AddParameter): Name = "Part_number"; Value = "GJM1555C1H100JB01D"; VariantName = "[No Variations]"
Change component parameters (AddParameter): Name = "Tolerance"; Value = "5%"; VariantName = "[No Variations]"
Change component parameters (AddParameter): Name = "Value"; Value = "10pF"; VariantName = "[No Variations]"
Change component parameters (AddParameter): Name = "VDC"; Value = "50"; VariantName = "[No Variations]"
Change component parameters: Designator = "C11" ("C11"); Footprint = "FP-GJM155-0_05-IPC_A"; UniqueID = "\HNZXRUCR" ("\HNZXRUCR")
Change component parameters (AddParameter): Name = "Dielectric"; Value = "C0G"; VariantName = "[No Variations]"
Change component parameters (AddParameter): Name = "Manufacturer"; Value = "Murata"; VariantName = "[No Variations]"
Change component parameters (AddParameter): Name = "Package"; Value = "0402"; VariantName = "[No Variations]"
Change component parameters (AddParameter): Name = "Part_number"; Value = "GJM1555C1H100JB01D"; VariantName = "[No Variations]"
Change component parameters (AddParameter): Name = "Tolerance"; Value = "5%"; VariantName = "[No Variations]"
Change component parameters (AddParameter): Name = "Value"; Value = "10pF"; VariantName = "[No Variations]"
Change component parameters (AddParameter): Name = "VDC"; Value = "50"; VariantName = "[No Variations]"
Change component parameters: Designator = "C12" ("C12"); Footprint = "FP-GJM155-0_05-IPC_A"; UniqueID = "\JVDUQWWX" ("\JVDUQWWX")
Change component parameters (AddParameter): Name = "Dielectric"; Value = "COG"; VariantName = "[No Variations]"
Change component parameters (AddParameter): Name = "Manufacturer"; Value = "Murata"; VariantName = "[No Variations]"
Change component parameters (AddParameter): Name = "Package"; Value = "0402"; VariantName = "[No Variations]"
Change component parameters (AddParameter): Name = "Part_number"; Value = "GRM1555C1H101JA01D"; VariantName = "[No Variations]"
Change component parameters (AddParameter): Name = "Tolerance"; Value = "10%"; VariantName = "[No Variations]"
Change component parameters (AddParameter): Name = "Value"; Value = "10nF"; VariantName = "[No Variations]"
Change component parameters (AddParameter): Name = "VDC"; Value = "25"; VariantName = "[No Variations]"
Change component parameters: Designator = "C13" ("C13"); Footprint = "FP-GJM155-0_05-IPC_A"; UniqueID = "\OALKSMHL" ("\OALKSMHL")
Change component parameters (AddParameter): Name = "Dielectric"; Value = "COG"; VariantName = "[No Variations]"
Change component parameters (AddParameter): Name = "Manufacturer"; Value = "Murata"; VariantName = "[No Variations]"
Change component parameters (AddParameter): Name = "Package"; Value = "0402"; VariantName = "[No Variations]"
Change component parameters (AddParameter): Name = "Part_number"; Value = "GRM1555C1H101JA01D"; VariantName = "[No Variations]"
Change component parameters (AddParameter): Name = "Tolerance"; Value = "10%"; VariantName = "[No Variations]"
Change component parameters (AddParameter): Name = "Value"; Value = "10nF"; VariantName = "[No Variations]"
Change component parameters (AddParameter): Name = "VDC"; Value = "25"; VariantName = "[No Variations]"
Change component parameters: Designator = "C14" ("C14"); Footprint = "FP-GJM155-0_05-IPC_A"; UniqueID = "\LZWGDPJA" ("\LZWGDPJA")
Change component parameters (AddParameter): Name = "Dielectric"; Value = "C0G"; VariantName = "[No Variations]"
Change component parameters (AddParameter): Name = "Manufacturer"; Value = "Murata"; VariantName = "[No Variations]"
Change component parameters (AddParameter): Name = "Package"; Value = "0402"; VariantName = "[No Variations]"
Change component parameters (AddParameter): Name = "Part_number"; Value = "GJM1555C1H100JB01D"; VariantName = "[No Variations]"
Change component parameters (AddParameter): Name = "Tolerance"; Value = "5%"; VariantName = "[No Variations]"
Change component parameters (AddParameter): Name = "Value"; Value = "10pF"; VariantName = "[No Variations]"
Change component parameters (AddParameter): Name = "VDC"; Value = "50"; VariantName = "[No Variations]"
Change component parameters: Designator = "C15" ("C15"); Footprint = "FP-GJM155-0_05-IPC_A"; UniqueID = "\UYTLSGVJ" ("\UYTLSGVJ")
Change component parameters (AddParameter): Name = "Dielectric"; Value = "COG"; VariantName = "[No Variations]"
Change component parameters (AddParameter): Name = "Manufacturer"; Value = "Murata"; VariantName = "[No Variations]"
Change component parameters (AddParameter): Name = "Package"; Value = "0402"; VariantName = "[No Variations]"
Change component parameters (AddParameter): Name = "Part_number"; Value = "GRM1555C1H101JA01D"; VariantName = "[No Variations]"
Change component parameters (AddParameter): Name = "Tolerance"; Value = "10%"; VariantName = "[No Variations]"
Change component parameters (AddParameter): Name = "Value"; Value = "10nF"; VariantName = "[No Variations]"
Change component parameters (AddParameter): Name = "VDC"; Value = "25"; VariantName = "[No Variations]"
Change component parameters: Designator = "C16" ("C16"); Footprint = "FP-GJM155-0_05-IPC_A"; UniqueID = "\HZQBAJOY" ("\HZQBAJOY")
Change component parameters (AddParameter): Name = "Dielectric"; Value = "COG"; VariantName = "[No Variations]"
Change component parameters (AddParameter): Name = "Manufacturer"; Value = "Murata"; VariantName = "[No Variations]"
Change component parameters (AddParameter): Name = "Package"; Value = "0402"; VariantName = "[No Variations]"
Change component parameters (AddParameter): Name = "Part_number"; Value = "GRM1555C1H101JA01D"; VariantName = "[No Variations]"
Change component parameters (AddParameter): Name = "Tolerance"; Value = "5%"; VariantName = "[No Variations]"
Change component parameters (AddParameter): Name = "Value"; Value = "100pF"; VariantName = "[No Variations]"
Change component parameters (AddParameter): Name = "VDC"; Value = "50"; VariantName = "[No Variations]"
Change component parameters: Designator = "C17" ("C17"); Footprint = "FP-GJM155-0_05-IPC_A"; UniqueID = "\ZWTVSDHL" ("\ZWTVSDHL")
Change component parameters (AddParameter): Name = "Dielectric"; Value = "COG"; VariantName = "[No Variations]"
Change component parameters (AddParameter): Name = "Manufacturer"; Value = "Murata"; VariantName = "[No Variations]"
Change component parameters (AddParameter): Name = "Package"; Value = "0402"; VariantName = "[No Variations]"
Change component parameters (AddParameter): Name = "Part_number"; Value = "GRM1555C1H101JA01D"; VariantName = "[No Variations]"
Change component parameters (AddParameter): Name = "Tolerance"; Value = "10%"; VariantName = "[No Variations]"
Change component parameters (AddParameter): Name = "Value"; Value = "10nF"; VariantName = "[No Variations]"
Change component parameters (AddParameter): Name = "VDC"; Value = "25"; VariantName = "[No Variations]"
Change component parameters: Designator = "C18" ("C18"); Footprint = "FP-GJM155-0_05-IPC_A"; UniqueID = "\TERIBYLX" ("\TERIBYLX")
Change component parameters (AddParameter): Name = "Dielectric"; Value = "COG"; VariantName = "[No Variations]"
Change component parameters (AddParameter): Name = "Manufacturer"; Value = "Murata"; VariantName = "[No Variations]"
Change component parameters (AddParameter): Name = "Package"; Value = "0402"; VariantName = "[No Variations]"
Change component parameters (AddParameter): Name = "Part_number"; Value = "GRM1555C1H101JA01D"; VariantName = "[No Variations]"
Change component parameters (AddParameter): Name = "Tolerance"; Value = "5%"; VariantName = "[No Variations]"
Change component parameters (AddParameter): Name = "Value"; Value = "100pF"; VariantName = "[No Variations]"
Change component parameters (AddParameter): Name = "VDC"; Value = "50"; VariantName = "[No Variations]"
Change component parameters: Designator = "C19" ("C19"); Footprint = "FP-GJM155-0_05-IPC_A"; UniqueID = "\SOCKWABI" ("\SOCKWABI")
Change component parameters (AddParameter): Name = "Dielectric"; Value = "C0G"; VariantName = "[No Variations]"
Change component parameters (AddParameter): Name = "Manufacturer"; Value = "Murata"; VariantName = "[No Variations]"
Change component parameters (AddParameter): Name = "Package"; Value = "0402"; VariantName = "[No Variations]"
Change component parameters (AddParameter): Name = "Part_number"; Value = "GJM1555C1H100JB01D"; VariantName = "[No Variations]"
Change component parameters (AddParameter): Name = "Tolerance"; Value = "5%"; VariantName = "[No Variations]"
Change component parameters (AddParameter): Name = "Value"; Value = "10pF"; VariantName = "[No Variations]"
Change component parameters (AddParameter): Name = "VDC"; Value = "50"; VariantName = "[No Variations]"
Change component parameters: Designator = "C20" ("C20"); Footprint = "FP-GJM155-0_05-IPC_A"; UniqueID = "\LQTWZOJV" ("\LQTWZOJV")
Change component parameters (AddParameter): Name = "Dielectric"; Value = "COG"; VariantName = "[No Variations]"
Change component parameters (AddParameter): Name = "Manufacturer"; Value = "Murata"; VariantName = "[No Variations]"
Change component parameters (AddParameter): Name = "Package"; Value = "0402"; VariantName = "[No Variations]"
Change component parameters (AddParameter): Name = "Part_number"; Value = "GRM1555C1H101JA01D"; VariantName = "[No Variations]"
Change component parameters (AddParameter): Name = "Tolerance"; Value = "10%"; VariantName = "[No Variations]"
Change component parameters (AddParameter): Name = "Value"; Value = "10nF"; VariantName = "[No Variations]"
Change component parameters (AddParameter): Name = "VDC"; Value = "25"; VariantName = "[No Variations]"
Change component parameters: Designator = "C21" ("C21"); Footprint = "FP-GJM155-0_05-IPC_A"; UniqueID = "\RLFBSCZR" ("\RLFBSCZR")
Change component parameters (AddParameter): Name = "Dielectric"; Value = "COG"; VariantName = "[No Variations]"
Change component parameters (AddParameter): Name = "Manufacturer"; Value = "Murata"; VariantName = "[No Variations]"
Change component parameters (AddParameter): Name = "Package"; Value = "0402"; VariantName = "[No Variations]"
Change component parameters (AddParameter): Name = "Part_number"; Value = "GRM1555C1H101JA01D"; VariantName = "[No Variations]"
Change component parameters (AddParameter): Name = "Tolerance"; Value = "5%"; VariantName = "[No Variations]"
Change component parameters (AddParameter): Name = "Value"; Value = "100pF"; VariantName = "[No Variations]"
Change component parameters (AddParameter): Name = "VDC"; Value = "50"; VariantName = "[No Variations]"
Change component parameters: Designator = "C22" ("C22"); Footprint = "FP-GJM155-0_05-IPC_A"; UniqueID = "\DNHIYURS" ("\DNHIYURS")
Change component parameters (AddParameter): Name = "Dielectric"; Value = "COG"; VariantName = "[No Variations]"
Change component parameters (AddParameter): Name = "Manufacturer"; Value = "Murata"; VariantName = "[No Variations]"
Change component parameters (AddParameter): Name = "Package"; Value = "0402"; VariantName = "[No Variations]"
Change component parameters (AddParameter): Name = "Part_number"; Value = "GRM1555C1H101JA01D"; VariantName = "[No Variations]"
Change component parameters (AddParameter): Name = "Tolerance"; Value = "5%"; VariantName = "[No Variations]"
Change component parameters (AddParameter): Name = "Value"; Value = "100pF"; VariantName = "[No Variations]"
Change component parameters (AddParameter): Name = "VDC"; Value = "50"; VariantName = "[No Variations]"
Change component parameters: Designator = "DA1" ("DA1"); Footprint = "FP-DQ1225-IPC_A"; UniqueID = "\RWMQYKCI" ("\RWMQYKCI")
Change component parameters (AddParameter): Name = "Part_number"; Value = "PMA3-83LNW+"; VariantName = "[No Variations]"
Change component parameters (AddParameter): Name = "Value"; Value = ""; VariantName = "[No Variations]"
Change component parameters: Designator = "DA2" ("DA2"); Footprint = "FP-CP-16-38-IPC_A"; UniqueID = "\HCVQJFHZ" ("\HCVQJFHZ")
Change component parameters (AddParameter): Name = "Part_number"; Value = "HMC7992LP3DETR"; VariantName = "[No Variations]"
Change component parameters (AddParameter): Name = "Value"; Value = ""; VariantName = "[No Variations]"
Change component parameters: Designator = "DA3" ("DA3"); Footprint = "FP-DQ1225-IPC_A"; UniqueID = "\ETGNWIWO" ("\ETGNWIWO")
Change component parameters (AddParameter): Name = "Part_number"; Value = "PMA3-83LNW+"; VariantName = "[No Variations]"
Change component parameters (AddParameter): Name = "Value"; Value = ""; VariantName = "[No Variations]"
Change component parameters: Designator = "DA4" ("DA4"); Footprint = "FP-DQ1225-IPC_A"; UniqueID = "\ZZKJQZEV" ("\ZZKJQZEV")
Change component parameters (AddParameter): Name = "Part_number"; Value = "PMA3-83LNW+"; VariantName = "[No Variations]"
Change component parameters (AddParameter): Name = "Value"; Value = ""; VariantName = "[No Variations]"
Change component parameters: Designator = "DA5" ("DA5"); Footprint = "FP-DQ1225-IPC_A"; UniqueID = "\XHNPSPLG" ("\XHNPSPLG")
Change component parameters (AddParameter): Name = "Part_number"; Value = "PMA3-83LNW+"; VariantName = "[No Variations]"
Change component parameters (AddParameter): Name = "Value"; Value = ""; VariantName = "[No Variations]"
Change component parameters: Designator = "DA6" ("DA6"); Footprint = "FP-DQ1225-IPC_A"; UniqueID = "\SUZPROEC" ("\SUZPROEC")
Change component parameters (AddParameter): Name = "Part_number"; Value = "PMA3-83LNW+"; VariantName = "[No Variations]"
Change component parameters (AddParameter): Name = "Value"; Value = ""; VariantName = "[No Variations]"
Change component parameters: Designator = "DA7" ("DA7"); Footprint = "FP-DQ1225-IPC_A"; UniqueID = "\PYSZCHXP" ("\PYSZCHXP")
Change component parameters (AddParameter): Name = "Part_number"; Value = "PMA3-83LNW+"; VariantName = "[No Variations]"
Change component parameters (AddParameter): Name = "Value"; Value = ""; VariantName = "[No Variations]"
Change component parameters: Designator = "L1" ("L1"); Footprint = "FP-0402HP-MFG"; UniqueID = "\TVIPNNLY" ("\TVIPNNLY")
Change component parameters (AddParameter): Name = "Dielectric"; Value = ""; VariantName = "[No Variations]"
Change component parameters (AddParameter): Name = "Manufacturer"; Value = "Coilcraft"; VariantName = "[No Variations]"
Change component parameters (AddParameter): Name = "Package"; Value = "0402"; VariantName = "[No Variations]"
Change component parameters (AddParameter): Name = "Part_number"; Value = "0402CS-39NXGLW"; VariantName = "[No Variations]"
Change component parameters (AddParameter): Name = "Tolerance"; Value = "5%"; VariantName = "[No Variations]"
Change component parameters (AddParameter): Name = "Value"; Value = "39nH"; VariantName = "[No Variations]"
Change component parameters (AddParameter): Name = "VDC"; Value = ""; VariantName = "[No Variations]"
Change component parameters: Designator = "L2" ("L2"); Footprint = "FP-0402HP-MFG"; UniqueID = "\EPZYNVQX" ("\EPZYNVQX")
Change component parameters (AddParameter): Name = "Dielectric"; Value = ""; VariantName = "[No Variations]"
Change component parameters (AddParameter): Name = "Manufacturer"; Value = "Murata"; VariantName = "[No Variations]"
Change component parameters (AddParameter): Name = "Package"; Value = "0402"; VariantName = "[No Variations]"
Change component parameters (AddParameter): Name = "Part_number"; Value = "LQP15MN18NJ02D"; VariantName = "[No Variations]"
Change component parameters (AddParameter): Name = "Tolerance"; Value = "5%"; VariantName = "[No Variations]"
Change component parameters (AddParameter): Name = "Value"; Value = "18nH"; VariantName = "[No Variations]"
Change component parameters (AddParameter): Name = "VDC"; Value = ""; VariantName = "[No Variations]"
Change component parameters: Designator = "L3" ("L3"); Footprint = "FP-0402HP-MFG"; UniqueID = "\RJKCDKTY" ("\RJKCDKTY")
Change component parameters (AddParameter): Name = "Dielectric"; Value = ""; VariantName = "[No Variations]"
Change component parameters (AddParameter): Name = "Manufacturer"; Value = "Coilcraft"; VariantName = "[No Variations]"
Change component parameters (AddParameter): Name = "Package"; Value = "0402"; VariantName = "[No Variations]"
Change component parameters (AddParameter): Name = "Part_number"; Value = "0402CS-39NXGLW"; VariantName = "[No Variations]"
Change component parameters (AddParameter): Name = "Tolerance"; Value = "5%"; VariantName = "[No Variations]"
Change component parameters (AddParameter): Name = "Value"; Value = "39nH"; VariantName = "[No Variations]"
Change component parameters (AddParameter): Name = "VDC"; Value = ""; VariantName = "[No Variations]"
Change component parameters: Designator = "L4" ("L4"); Footprint = "FP-0402HP-MFG"; UniqueID = "\BLEIPMLN" ("\BLEIPMLN")
Change component parameters (AddParameter): Name = "Dielectric"; Value = ""; VariantName = "[No Variations]"
Change component parameters (AddParameter): Name = "Manufacturer"; Value = "Coilcraft"; VariantName = "[No Variations]"
Change component parameters (AddParameter): Name = "Package"; Value = "0402"; VariantName = "[No Variations]"
Change component parameters (AddParameter): Name = "Part_number"; Value = "0402CS-39NXGLW"; VariantName = "[No Variations]"
Change component parameters (AddParameter): Name = "Tolerance"; Value = "5%"; VariantName = "[No Variations]"
Change component parameters (AddParameter): Name = "Value"; Value = "39nH"; VariantName = "[No Variations]"
Change component parameters (AddParameter): Name = "VDC"; Value = ""; VariantName = "[No Variations]"
Change component parameters: Designator = "L5" ("L5"); Footprint = "FP-0402HP-MFG"; UniqueID = "\EGDDIOMW" ("\EGDDIOMW")
Change component parameters (AddParameter): Name = "Dielectric"; Value = ""; VariantName = "[No Variations]"
Change component parameters (AddParameter): Name = "Manufacturer"; Value = "Murata"; VariantName = "[No Variations]"
Change component parameters (AddParameter): Name = "Package"; Value = "0402"; VariantName = "[No Variations]"
Change component parameters (AddParameter): Name = "Part_number"; Value = "LQP15MN18NJ02D"; VariantName = "[No Variations]"
Change component parameters (AddParameter): Name = "Tolerance"; Value = "5%"; VariantName = "[No Variations]"
Change component parameters (AddParameter): Name = "Value"; Value = "18nH"; VariantName = "[No Variations]"
Change component parameters (AddParameter): Name = "VDC"; Value = ""; VariantName = "[No Variations]"
Change component parameters: Designator = "L6" ("L6"); Footprint = "FP-0402HP-MFG"; UniqueID = "\SEDCFGBF" ("\SEDCFGBF")
Change component parameters (AddParameter): Name = "Dielectric"; Value = ""; VariantName = "[No Variations]"
Change component parameters (AddParameter): Name = "Manufacturer"; Value = "Murata"; VariantName = "[No Variations]"
Change component parameters (AddParameter): Name = "Package"; Value = "0402"; VariantName = "[No Variations]"
Change component parameters (AddParameter): Name = "Part_number"; Value = "LQP15MN18NJ02D"; VariantName = "[No Variations]"
Change component parameters (AddParameter): Name = "Tolerance"; Value = "5%"; VariantName = "[No Variations]"
Change component parameters (AddParameter): Name = "Value"; Value = "18nH"; VariantName = "[No Variations]"
Change component parameters (AddParameter): Name = "VDC"; Value = ""; VariantName = "[No Variations]"
Change component parameters: Designator = "L7" ("L7"); Footprint = "FP-0402HP-MFG"; UniqueID = "\CBLHNGUK" ("\CBLHNGUK")
Change component parameters (AddParameter): Name = "Dielectric"; Value = ""; VariantName = "[No Variations]"
Change component parameters (AddParameter): Name = "Manufacturer"; Value = "Coilcraft"; VariantName = "[No Variations]"
Change component parameters (AddParameter): Name = "Package"; Value = "0402"; VariantName = "[No Variations]"
Change component parameters (AddParameter): Name = "Part_number"; Value = "0402CS-39NXGLW"; VariantName = "[No Variations]"
Change component parameters (AddParameter): Name = "Tolerance"; Value = "5%"; VariantName = "[No Variations]"
Change component parameters (AddParameter): Name = "Value"; Value = "39nH"; VariantName = "[No Variations]"
Change component parameters (AddParameter): Name = "VDC"; Value = ""; VariantName = "[No Variations]"
Change component parameters: Designator = "L8" ("L8"); Footprint = "FP-0402HP-MFG"; UniqueID = "\XVKBGXSD" ("\XVKBGXSD")
Change component parameters (AddParameter): Name = "Dielectric"; Value = ""; VariantName = "[No Variations]"
Change component parameters (AddParameter): Name = "Manufacturer"; Value = "Murata"; VariantName = "[No Variations]"
Change component parameters (AddParameter): Name = "Package"; Value = "0402"; VariantName = "[No Variations]"
Change component parameters (AddParameter): Name = "Part_number"; Value = "LQP15MN18NJ02D"; VariantName = "[No Variations]"
Change component parameters (AddParameter): Name = "Tolerance"; Value = "5%"; VariantName = "[No Variations]"
Change component parameters (AddParameter): Name = "Value"; Value = "18nH"; VariantName = "[No Variations]"
Change component parameters (AddParameter): Name = "VDC"; Value = ""; VariantName = "[No Variations]"
Change component parameters: Designator = "L9" ("L9"); Footprint = "FP-0402HP-MFG"; UniqueID = "\NXRQBRIB" ("\NXRQBRIB")
Change component parameters (AddParameter): Name = "Dielectric"; Value = ""; VariantName = "[No Variations]"
Change component parameters (AddParameter): Name = "Manufacturer"; Value = "Coilcraft"; VariantName = "[No Variations]"
Change component parameters (AddParameter): Name = "Package"; Value = "0402"; VariantName = "[No Variations]"
Change component parameters (AddParameter): Name = "Part_number"; Value = "0402CS-39NXGLW"; VariantName = "[No Variations]"
Change component parameters (AddParameter): Name = "Tolerance"; Value = "5%"; VariantName = "[No Variations]"
Change component parameters (AddParameter): Name = "Value"; Value = "39nH"; VariantName = "[No Variations]"
Change component parameters (AddParameter): Name = "VDC"; Value = ""; VariantName = "[No Variations]"
Change component parameters: Designator = "L10" ("L10"); Footprint = "FP-0402HP-MFG"; UniqueID = "\XXAEUMMF" ("\XXAEUMMF")
Change component parameters (AddParameter): Name = "Dielectric"; Value = ""; VariantName = "[No Variations]"
Change component parameters (AddParameter): Name = "Manufacturer"; Value = "Murata"; VariantName = "[No Variations]"
Change component parameters (AddParameter): Name = "Package"; Value = "0402"; VariantName = "[No Variations]"
Change component parameters (AddParameter): Name = "Part_number"; Value = "LQP15MN18NJ02D"; VariantName = "[No Variations]"
Change component parameters (AddParameter): Name = "Tolerance"; Value = "5%"; VariantName = "[No Variations]"
Change component parameters (AddParameter): Name = "Value"; Value = "18nH"; VariantName = "[No Variations]"
Change component parameters (AddParameter): Name = "VDC"; Value = ""; VariantName = "[No Variations]"
Change component parameters: Designator = "L11" ("L11"); Footprint = "FP-0402HP-MFG"; UniqueID = "\UXLKXIUI" ("\UXLKXIUI")
Change component parameters (AddParameter): Name = "Dielectric"; Value = ""; VariantName = "[No Variations]"
Change component parameters (AddParameter): Name = "Manufacturer"; Value = "Coilcraft"; VariantName = "[No Variations]"
Change component parameters (AddParameter): Name = "Package"; Value = "0402"; VariantName = "[No Variations]"
Change component parameters (AddParameter): Name = "Part_number"; Value = "0402CS-39NXGLW"; VariantName = "[No Variations]"
Change component parameters (AddParameter): Name = "Tolerance"; Value = "5%"; VariantName = "[No Variations]"
Change component parameters (AddParameter): Name = "Value"; Value = "39nH"; VariantName = "[No Variations]"
Change component parameters (AddParameter): Name = "VDC"; Value = ""; VariantName = "[No Variations]"
Change component parameters: Designator = "L12" ("L12"); Footprint = "FP-0402HP-MFG"; UniqueID = "\NQNXOVAO" ("\NQNXOVAO")
Change component parameters (AddParameter): Name = "Dielectric"; Value = ""; VariantName = "[No Variations]"
Change component parameters (AddParameter): Name = "Manufacturer"; Value = "Murata"; VariantName = "[No Variations]"
Change component parameters (AddParameter): Name = "Package"; Value = "0402"; VariantName = "[No Variations]"
Change component parameters (AddParameter): Name = "Part_number"; Value = "LQP15MN18NJ02D"; VariantName = "[No Variations]"
Change component parameters (AddParameter): Name = "Tolerance"; Value = "5%"; VariantName = "[No Variations]"
Change component parameters (AddParameter): Name = "Value"; Value = "18nH"; VariantName = "[No Variations]"
Change component parameters (AddParameter): Name = "VDC"; Value = ""; VariantName = "[No Variations]"
Change component parameters: Designator = "R1" ("R1"); Footprint = "FP-CR0402-IPC_A"; UniqueID = "\PQNKMOQB" ("\PQNKMOQB")
Change component parameters (AddParameter): Name = "Dielectric"; Value = ""; VariantName = "[No Variations]"
Change component parameters (AddParameter): Name = "Manufacturer"; Value = "YAGEO"; VariantName = "[No Variations]"
Change component parameters (AddParameter): Name = "Package"; Value = "0402"; VariantName = "[No Variations]"
Change component parameters (AddParameter): Name = "Part_number"; Value = "RT0402BRE0750RL"; VariantName = "[No Variations]"
Change component parameters (AddParameter): Name = "Tolerance"; Value = "0.1%"; VariantName = "[No Variations]"
Change component parameters (AddParameter): Name = "Value"; Value = "50 Om"; VariantName = "[No Variations]"
Change component parameters (AddParameter): Name = "VDC"; Value = ""; VariantName = "[No Variations]"
Change component parameters: Designator = "X1" ("X1"); Footprint = "FP-S2B-XH-A-1_LF_SN-MFG"; UniqueID = "\NWJQXKDO" ("\NWJQXKDO")
Change component parameters (AddParameter): Name = "Net1"; Value = "GND"; VariantName = "[No Variations]"
Change component parameters (AddParameter): Name = "Net2"; Value = "+5V"; VariantName = "[No Variations]"
Change component parameters (AddParameter): Name = "Part_number"; Value = "S2B-XH-A(LF)(SN"; VariantName = "[No Variations]"
Change component parameters (AddParameter): Name = "Value"; Value = ""; VariantName = "[No Variations]"
Change component parameters: Designator = "X2" ("X2"); Footprint = "FP-S3B-XH-A-1_LF_SN-MFG"; UniqueID = "\YDFRJEVF" ("\YDFRJEVF")
Change component parameters (AddParameter): Name = "Net1"; Value = "GND"; VariantName = "[No Variations]"
Change component parameters (AddParameter): Name = "Net2"; Value = "A"; VariantName = "[No Variations]"
Change component parameters (AddParameter): Name = "Net3"; Value = "B"; VariantName = "[No Variations]"
Change component parameters (AddParameter): Name = "Part_number"; Value = "S3B-XH-A(LF)(SN"; VariantName = "[No Variations]"
Change component parameters (AddParameter): Name = "Value"; Value = ""; VariantName = "[No Variations]"
Change component parameters: Designator = "XW1" ("XW1"); Footprint = "S-P2152-19CQA"; UniqueID = "\LSXOSTYR" ("\LSXOSTYR")
Change component parameters (AddParameter): Name = "Part_number"; Value = "S-P2152-19CQA"; VariantName = "[No Variations]"
Change component parameters (AddParameter): Name = "Value"; Value = ""; VariantName = "[No Variations]"
Change component parameters: Designator = "XW2" ("XW2"); Footprint = "S-P2152-19CQA"; UniqueID = "\IMZOENUZ" ("\IMZOENUZ")
Change component parameters (AddParameter): Name = "Part_number"; Value = "S-P2152-19CQA"; VariantName = "[No Variations]"
Change component parameters (AddParameter): Name = "Value"; Value = ""; VariantName = "[No Variations]"
Change component parameters: Designator = "XW3" ("XW3"); Footprint = "S-P2152-19CQA"; UniqueID = "\SKCFFFNK" ("\SKCFFFNK")
Change component parameters (AddParameter): Name = "Part_number"; Value = "S-P2152-19CQA"; VariantName = "[No Variations]"
Change component parameters (AddParameter): Name = "Value"; Value = ""; VariantName = "[No Variations]"
Change component parameters: Designator = "XW4" ("XW4"); Footprint = "S-P2152-19CQA"; UniqueID = "\YNZWCABW" ("\YNZWCABW")
Change component parameters (AddParameter): Name = "Part_number"; Value = "S-P2152-19CQA"; VariantName = "[No Variations]"
Change component parameters (AddParameter): Name = "Value"; Value = ""; VariantName = "[No Variations]"
Added Pin To Net: NetName=+5 Pin=C11-1
Added Pin To Net: NetName=GND Pin=C11-2
Added Pin To Net: NetName=+5 Pin=C12-1
Added Pin To Net: NetName=GND Pin=C12-2
Added Pin To Net: NetName=NetC13_1 Pin=DA2-1
Added Pin To Net: NetName=NetC9_1 Pin=L2-1
Added Pin To Net: NetName=GND Pin=L2-2
Added Pin To Net: NetName=NetC18_1 Pin=L5-1
Added Pin To Net: NetName=GND Pin=L5-2
Added Pin To Net: NetName=NetDA4_2 Pin=L6-1
Added Pin To Net: NetName=GND Pin=L6-2
Added Pin To Net: NetName=NetC21_1 Pin=L8-1
Added Pin To Net: NetName=GND Pin=L8-2
Added Pin To Net: NetName=NetDA6_2 Pin=L10-1
Added Pin To Net: NetName=GND Pin=L10-2
Added Pin To Net: NetName=NetDA7_2 Pin=L12-1
Added Pin To Net: NetName=GND Pin=L12-2
Added Pin To Net: NetName=NetC13_2 Pin=R1-2
Added Member To Class: ClassName=Принципиальная схема ЕСКД Member=Component DA4 PMA3-83LN+
Added Member To Class: ClassName=Принципиальная схема ЕСКД Member=Component XW2 SMA
