Removed Pin From Net: NetName=NetC21_1 Pin=DA2-4
Removed Pin From Net: NetName=NetC18_1 Pin=DA2-9
Removed Pin From Net: NetName=NetC9_1 Pin=DA2-12
Removed Pin From Net: NetName=NetC3_1 Pin=DA4-2
Removed Pin From Net: NetName=NetC3_1 Pin=L6-2
Removed Member From Class: ClassName=RF_SAME Member=NetC9_1
Removed Member From Class: ClassName=RF_SAME Member=NetC16_1
Removed Member From Class: ClassName=RF_SAME Member=NetC18_1
Removed Member From Class: ClassName=RF Member=NetDA1_2
Removed Member From Class: ClassName=RF Member=NetDA3_2
Removed Member From Class: ClassName=RF Member=NetDA5_2
Added Pin To Net: NetName=NetC9_1 Pin=DA1-2
Added Pin To Net: NetName=NetC16_1 Pin=DA2-4
Added Pin To Net: NetName=NetC8_1 Pin=DA2-9
Added Pin To Net: NetName=NetC3_1 Pin=DA2-12
Added Pin To Net: NetName=NetC18_1 Pin=DA3-2
Added Pin To Net: NetName=NetC21_1 Pin=DA5-2
Added Pin To Net: NetName=NetC9_1 Pin=L2-2
Added Pin To Net: NetName=NetC18_1 Pin=L5-2
Added Pin To Net: NetName=NetC21_1 Pin=L8-2
Added Pin To Net: NetName=NetDA4_2 Pin=DA4-2
Added Pin To Net: NetName=NetDA4_2 Pin=L6-2
Added Pin To Net: NetName=NetDA4_2 Pin=XW1-1
Added Net: Name=NetDA4_2
Added Pin To Net: NetName=NetDA6_2 Pin=DA6-2
Added Pin To Net: NetName=NetDA6_2 Pin=L10-2
Added Pin To Net: NetName=NetDA6_2 Pin=XW2-1
Added Net: Name=NetDA6_2
Added Pin To Net: NetName=NetDA7_2 Pin=DA7-2
Added Pin To Net: NetName=NetDA7_2 Pin=L12-2
Added Pin To Net: NetName=NetDA7_2 Pin=XW4-1
Added Net: Name=NetDA7_2
Added Member To Class: ClassName=RF_SAME Member=Wire NetC8_1
Added Member To Class: ClassName=RF_SAME Member=Wire NetC9_2
Added Member To Class: ClassName=RF Member=Wire NetDA4_2
Added Member To Class: ClassName=RF Member=Wire NetDA6_2
Added Member To Class: ClassName=RF_SAME Member=Wire NetDA7_2
Added Member To Class: ClassName=RF Member=Wire NetDA7_2
