Removed Member From Class: ClassName=Принципиальная схема Member=L13
Added Pin To Net: NetName=+5 Pin=C17-1
Added Pin To Net: NetName=GND Pin=C17-2
Added Pin To Net: NetName=NetC18_1 Pin=C18-1
Added Pin To Net: NetName=NetC18_2 Pin=C18-2
Added Pin To Net: NetName=+5 Pin=C19-1
Added Pin To Net: NetName=GND Pin=C19-2
Added Pin To Net: NetName=+5 Pin=C20-1
Added Pin To Net: NetName=GND Pin=C20-2
Added Pin To Net: NetName=NetC21_1 Pin=C21-1
Added Pin To Net: NetName=NetC21_2 Pin=C21-2
Added Pin To Net: NetName=GND Pin=DA6-1
Added Pin To Net: NetName=GND Pin=DA6-3
Added Pin To Net: NetName=GND Pin=DA6-4
Added Pin To Net: NetName=GND Pin=DA6-5
Added Pin To Net: NetName=GND Pin=DA6-6
Added Pin To Net: NetName=GND Pin=DA6-7
Added Pin To Net: NetName=NetC18_2 Pin=DA6-8
Added Pin To Net: NetName=GND Pin=DA6-9
Added Pin To Net: NetName=GND Pin=DA6-10
Added Pin To Net: NetName=GND Pin=DA6-13
Added Pin To Net: NetName=GND Pin=DA7-1
Added Pin To Net: NetName=GND Pin=DA7-3
Added Pin To Net: NetName=GND Pin=DA7-4
Added Pin To Net: NetName=GND Pin=DA7-5
Added Pin To Net: NetName=GND Pin=DA7-6
Added Pin To Net: NetName=GND Pin=DA7-7
Added Pin To Net: NetName=NetC21_2 Pin=DA7-8
Added Pin To Net: NetName=GND Pin=DA7-9
Added Pin To Net: NetName=GND Pin=DA7-10
Added Pin To Net: NetName=GND Pin=DA7-13
Added Pin To Net: NetName=NetC18_2 Pin=L9-1
Added Pin To Net: NetName=+5 Pin=L9-2
Added Pin To Net: NetName=GND Pin=L10-1
Added Pin To Net: NetName=NetC21_2 Pin=L11-1
Added Pin To Net: NetName=+5 Pin=L11-2
Added Pin To Net: NetName=GND Pin=L12-1
