Added Component: Designator=C6(FP-GJM155-0_05-IPC_A)
Added Component: Designator=C7(FP-GJM155-0_05-IPC_A)
Added Component: Designator=C9(FP-GJM155-0_05-IPC_A)
Added Component: Designator=C10(FP-GJM155-0_05-IPC_A)
Added Component: Designator=DA4(FP-DQ1225-IPC_A)
Add component (AddParameter): Name = "ClassName"; Value = "AMP1"; VariantName = "[No Variations]"
Added Component: Designator=L4(FP-0402HP-MFG)
Added Component: Designator=L6(FP-0402HP-MFG)
Added Pin To Net: NetName=+5 Pin=C6-1
Added Pin To Net: NetName=GND Pin=C6-2
Added Pin To Net: NetName=+5 Pin=C7-1
Added Pin To Net: NetName=GND Pin=C7-2
Added Pin To Net: NetName=NetC9_1 Pin=C9-1
Added Pin To Net: NetName=NetC9_2 Pin=C9-2
Added Pin To Net: NetName=+5 Pin=C10-1
Added Pin To Net: NetName=GND Pin=C10-2
Added Pin To Net: NetName=GND Pin=DA4-1
Added Pin To Net: NetName=NetC3_1 Pin=DA4-2
Added Pin To Net: NetName=GND Pin=DA4-3
Added Pin To Net: NetName=GND Pin=DA4-4
Added Pin To Net: NetName=GND Pin=DA4-5
Added Pin To Net: NetName=GND Pin=DA4-6
Added Pin To Net: NetName=GND Pin=DA4-7
Added Pin To Net: NetName=NetC9_2 Pin=DA4-8
Added Pin To Net: NetName=GND Pin=DA4-9
Added Pin To Net: NetName=GND Pin=DA4-10
Added Pin To Net: NetName=GND Pin=DA4-13
Added Pin To Net: NetName=NetC9_2 Pin=L4-1
Added Pin To Net: NetName=+5 Pin=L4-2
Added Pin To Net: NetName=GND Pin=L6-1
Added Pin To Net: NetName=NetC3_1 Pin=L6-2
Added Member To Class: ClassName=Принципиальная схема Member=Component C6 10pF
Added Member To Class: ClassName=Принципиальная схема Member=Component C7 10nF
Added Member To Class: ClassName=Принципиальная схема Member=Component C9 100 pF
Added Member To Class: ClassName=Принципиальная схема Member=Component C10 10pF
Added Member To Class: ClassName=Принципиальная схема Member=Component C17 10nF
Added Member To Class: ClassName=Принципиальная схема Member=Component C18 100 pF
Added Member To Class: ClassName=Принципиальная схема Member=Component C19 10pF
Added Member To Class: ClassName=Принципиальная схема Member=Component C20 10nF
Added Member To Class: ClassName=Принципиальная схема Member=Component C21 100 pF
Added Member To Class: ClassName=AMP1 Member=Component DA4 PMA3-83LN+
Added Member To Class: ClassName=Принципиальная схема Member=Component DA4 PMA3-83LN+
Added Member To Class: ClassName=AMP1 Member=Component DA6 PMA3-83LN+
Added Member To Class: ClassName=Принципиальная схема Member=Component DA6 PMA3-83LN+
Added Member To Class: ClassName=AMP1 Member=Component DA7 PMA3-83LN+
Added Member To Class: ClassName=Принципиальная схема Member=Component DA7 PMA3-83LN+
Added Member To Class: ClassName=Принципиальная схема Member=Component L4 39 nH
Added Member To Class: ClassName=Принципиальная схема Member=Component L6 18nH
Added Member To Class: ClassName=Принципиальная схема Member=Component L9 39 nH
Added Member To Class: ClassName=Принципиальная схема Member=Component L10 18nH
Added Member To Class: ClassName=Принципиальная схема Member=Component L11 39 nH
Added Member To Class: ClassName=Принципиальная схема Member=Component L12 18nH
Added Member To Class: ClassName=Принципиальная схема Member=Component L13 39nH
Added Member To Class: ClassName=RF_SAME Member=Wire NetC18_1
Added Member To Class: ClassName=RF Member=Wire NetC18_1
Added Member To Class: ClassName=RF_SAME Member=Wire NetC18_2
Added Member To Class: ClassName=RF Member=Wire NetC18_2
Added Member To Class: ClassName=RF_SAME Member=Wire NetC21_1
Added Member To Class: ClassName=RF Member=Wire NetC21_1
Added Member To Class: ClassName=RF Member=Wire NetC21_2
Added Member To Class: ClassName=RF Member=Wire NetDA2_15
