Removed Pin From Net: NetName=GND Pin=C11-1
Removed Pin From Net: NetName=+5 Pin=C11-2
Removed Pin From Net: NetName=GND Pin=C12-1
Removed Pin From Net: NetName=+5 Pin=C12-2
Removed Pin From Net: NetName=NetC13_2 Pin=DA2-1
Removed Pin From Net: NetName=GND Pin=L2-1
Removed Pin From Net: NetName=NetC9_1 Pin=L2-2
Removed Pin From Net: NetName=GND Pin=L5-1
Removed Pin From Net: NetName=NetC18_1 Pin=L5-2
Removed Pin From Net: NetName=GND Pin=L6-1
Removed Pin From Net: NetName=NetDA4_2 Pin=L6-2
Removed Pin From Net: NetName=GND Pin=L8-1
Removed Pin From Net: NetName=NetC21_1 Pin=L8-2
Removed Pin From Net: NetName=GND Pin=L10-1
Removed Pin From Net: NetName=NetDA6_2 Pin=L10-2
Removed Pin From Net: NetName=GND Pin=L12-1
Removed Pin From Net: NetName=NetDA7_2 Pin=L12-2
Removed Pin From Net: NetName=NetC13_1 Pin=R1-2
Change Component Footprint: Designator=R1 Old Footprint=FP-CR0402-IPC_A New Footprint=RES0805
Change Component Comment : Designator=C2 Old Comment=10nF New Comment=10pF
Change Component Comment : Designator=C5 Old Comment=10nF New Comment=10pF
Change Component Comment : Designator=C11 Old Comment=10 nF New Comment=10pF
Change Component Comment : Designator=C1 Old Comment=10pF New Comment=10nF
Change Component Comment : Designator=C4 Old Comment=10pF New Comment=10nF
Change Component Comment : Designator=C12 Old Comment=10 pF New Comment=10nF
Change Component Comment : Designator=L5 Old Comment=18nF New Comment=18nH
Change Component Comment : Designator=L3 Old Comment=39nH New Comment=39 nH
Change Component Comment : Designator=L7 Old Comment=39nH New Comment=39 nH
Change Component Comment : Designator=R1 Old Comment=100 New Comment=50 Om
Change Component Comment : Designator=C13 Old Comment=100pF New Comment=10nF
Change Component Comment : Designator=C8 Old Comment=100pF New Comment=100 pF
Change Component Comment : Designator=C16 Old Comment=100pF New Comment=100 pF
Change component parameters: Designator = "DA3" ("DA3"); Footprint = "FP-DQ1225-IPC_A"; UniqueID = "\ETGNWIWO" ("\ETGNWIWO")
Change component parameters (AddParameter): Name = "ClassName"; Value = "AMP1"; VariantName = "[No Variations]"
Change component parameters: Designator = "DA5" ("DA5"); Footprint = "FP-DQ1225-IPC_A"; UniqueID = "\XHNPSPLG" ("\XHNPSPLG")
Change component parameters (AddParameter): Name = "ClassName"; Value = "AMP1"; VariantName = "[No Variations]"
Change component parameters: Designator = "XW2" ("XW2"); Footprint = "S-P2152-19CQA"; UniqueID = "\IMZOENUZ" ("\IMZOENUZ")
Change component parameters (AddParameter): Name = "ClassName"; Value = "AMP1"; VariantName = "[No Variations]"
Change component parameters: Designator = "XW4" ("XW4"); Footprint = "S-P2152-19CQA"; UniqueID = "\YNZWCABW" ("\YNZWCABW")
Change component parameters (AddParameter): Name = "ClassName"; Value = "AMP1"; VariantName = "[No Variations]"
Added Pin To Net: NetName=+5 Pin=C11-1
Added Pin To Net: NetName=GND Pin=C11-2
Added Pin To Net: NetName=+5 Pin=C12-1
Added Pin To Net: NetName=GND Pin=C12-2
Added Pin To Net: NetName=NetC13_1 Pin=DA2-1
Added Pin To Net: NetName=NetC9_1 Pin=L2-1
Added Pin To Net: NetName=GND Pin=L2-2
Added Pin To Net: NetName=NetC18_1 Pin=L5-1
Added Pin To Net: NetName=GND Pin=L5-2
Added Pin To Net: NetName=NetDA4_2 Pin=L6-1
Added Pin To Net: NetName=GND Pin=L6-2
Added Pin To Net: NetName=NetC21_1 Pin=L8-1
Added Pin To Net: NetName=GND Pin=L8-2
Added Pin To Net: NetName=NetDA6_2 Pin=L10-1
Added Pin To Net: NetName=GND Pin=L10-2
Added Pin To Net: NetName=NetDA7_2 Pin=L12-1
Added Pin To Net: NetName=GND Pin=L12-2
Added Pin To Net: NetName=NetC13_2 Pin=R1-2
Added Member To Class: ClassName=Принципиальная схема ЕСКД Member=Component C1 10nF
Added Member To Class: ClassName=Принципиальная схема ЕСКД Member=Component C2 10pF
Added Member To Class: ClassName=Принципиальная схема ЕСКД Member=Component C3 100 pF
Added Member To Class: ClassName=Принципиальная схема ЕСКД Member=Component C4 10nF
Added Member To Class: ClassName=Принципиальная схема ЕСКД Member=Component C5 10pF
Added Member To Class: ClassName=Принципиальная схема ЕСКД Member=Component C8 100 pF
Added Member To Class: ClassName=Принципиальная схема ЕСКД Member=Component C10 10pF
Added Member To Class: ClassName=Принципиальная схема ЕСКД Member=Component C11 10pF
Added Member To Class: ClassName=Принципиальная схема ЕСКД Member=Component C12 10nF
Added Member To Class: ClassName=Принципиальная схема ЕСКД Member=Component C13 10nF
Added Member To Class: ClassName=Принципиальная схема ЕСКД Member=Component C14 10pF
Added Member To Class: ClassName=Принципиальная схема ЕСКД Member=Component C15 10nF
Added Member To Class: ClassName=Принципиальная схема ЕСКД Member=Component C16 100 pF
Added Member To Class: ClassName=Принципиальная схема ЕСКД Member=Component C17 10nF
Added Member To Class: ClassName=Принципиальная схема ЕСКД Member=Component C18 100 pF
Added Member To Class: ClassName=Принципиальная схема ЕСКД Member=Component C19 10pF
Added Member To Class: ClassName=Принципиальная схема ЕСКД Member=Component C20 10nF
Added Member To Class: ClassName=Принципиальная схема ЕСКД Member=Component C21 100 pF
Added Member To Class: ClassName=AMP1 Member=Component DA3 PMA3-83LN+
Added Member To Class: ClassName=Принципиальная схема ЕСКД Member=Component DA3 PMA3-83LN+
Added Member To Class: ClassName=AMP1 Member=Component DA5 PMA3-83LN+
Added Member To Class: ClassName=Принципиальная схема ЕСКД Member=Component DA5 PMA3-83LN+
Added Member To Class: ClassName=AMP1 Member=Component DA6 PMA3-83LN+
Added Member To Class: ClassName=Принципиальная схема ЕСКД Member=Component DA6 PMA3-83LN+
Added Member To Class: ClassName=AMP1 Member=Component DA7 PMA3-83LN+
Added Member To Class: ClassName=Принципиальная схема ЕСКД Member=Component DA7 PMA3-83LN+
Added Member To Class: ClassName=Принципиальная схема ЕСКД Member=Component L1 39 nH
Added Member To Class: ClassName=Принципиальная схема ЕСКД Member=Component L2 18nH
Added Member To Class: ClassName=Принципиальная схема ЕСКД Member=Component L3 39 nH
Added Member To Class: ClassName=Принципиальная схема ЕСКД Member=Component L5 18nH
Added Member To Class: ClassName=Принципиальная схема ЕСКД Member=Component L7 39 nH
Added Member To Class: ClassName=Принципиальная схема ЕСКД Member=Component L8 18nH
Added Member To Class: ClassName=Принципиальная схема ЕСКД Member=Component L9 39 nH
Added Member To Class: ClassName=Принципиальная схема ЕСКД Member=Component L10 18nH
Added Member To Class: ClassName=Принципиальная схема ЕСКД Member=Component L11 39 nH
Added Member To Class: ClassName=Принципиальная схема ЕСКД Member=Component L12 18nH
Added Member To Class: ClassName=Принципиальная схема ЕСКД Member=Component R1 50 Om
Added Member To Class: ClassName=AMP1 Member=Component XW2 SMA
Added Member To Class: ClassName=Принципиальная схема ЕСКД Member=Component XW2 SMA
Added Member To Class: ClassName=AMP1 Member=Component XW4 SMA
Added Member To Class: ClassName=Принципиальная схема ЕСКД Member=Component XW4 SMA
