Removed Parameter ClassName:AMP1 from Part DA1
Removed Parameter ClassName:AMP1 from Part DA3
Removed Parameter ClassName:AMP1 from Part DA4
Removed Parameter ClassName:AMP1 from Part DA5
Removed Parameter ClassName:AMP1 from Part DA6
Removed Parameter ClassName:AMP1 from Part DA7
Removed Parameter ClassName:AMP1 from Part XW1
Removed Parameter ClassName:AMP1 from Part XW2
Removed Parameter ClassName:AMP1 from Part XW4
Removed Parameter ClassName:AMP4 from Part XW3
Change Value of Parameter Net1 in Part X1 Old=GND New=
Change Value of Parameter Net2 in Part X1 Old=+5V New=
Change Value of Parameter Net1 in Part X2 Old=GND New=
Change Value of Parameter Net2 in Part X2 Old=A New=
Change Value of Parameter Net3 in Part X2 Old=B New=
Added Parameter Part_number= to Part C1
Added Parameter Part_number= to Part C2
Added Parameter Part_number= to Part C3
Added Parameter Part_number= to Part C4
Added Parameter Part_number= to Part C5
Added Parameter Part_number= to Part C6
Added Parameter Part_number= to Part C7
Added Parameter Part_number= to Part C8
Added Parameter Part_number= to Part C9
Added Parameter Part_number= to Part C10
Added Parameter Part_number= to Part C11
Added Parameter Part_number= to Part C12
Added Parameter Part_number= to Part C13
Added Parameter Part_number= to Part C14
Added Parameter Part_number= to Part C15
Added Parameter Part_number= to Part C16
Added Parameter Part_number= to Part C17
Added Parameter Part_number= to Part C18
Added Parameter Part_number= to Part C19
Added Parameter Part_number= to Part C20
Added Parameter Part_number= to Part C21
Added Parameter Part_number= to Part C22
Added Parameter Part_number= to Part DA1
Added Parameter Part_number= to Part DA2
Added Parameter Part_number= to Part DA3
Added Parameter Part_number= to Part DA4
Added Parameter Part_number= to Part DA5
Added Parameter Part_number= to Part DA6
Added Parameter Part_number= to Part DA7
Added Parameter Part_number= to Part L1
Added Parameter Part_number= to Part L2
Added Parameter Part_number= to Part L3
Added Parameter Part_number= to Part L4
Added Parameter Part_number= to Part L5
Added Parameter Part_number= to Part L6
Added Parameter Part_number= to Part L7
Added Parameter Part_number= to Part L8
Added Parameter Part_number= to Part L9
Added Parameter Part_number= to Part L10
Added Parameter Part_number= to Part L11
Added Parameter Part_number= to Part L12
Added Parameter Part_number= to Part R1
Added Parameter Part_number= to Part X1
Added Parameter Part_number= to Part X2
Added Parameter Part_number= to Part XW1
Added Parameter Part_number= to Part XW2
Added Parameter Part_number= to Part XW3
Added Parameter Part_number= to Part XW4
Added Parameter Value= to Part C1
Added Parameter Value= to Part C2
Added Parameter Value= to Part C3
Added Parameter Value= to Part C4
Added Parameter Value= to Part C5
Added Parameter Value= to Part C6
Added Parameter Value= to Part C7
Added Parameter Value= to Part C8
Added Parameter Value= to Part C9
Added Parameter Value= to Part C10
Added Parameter Value= to Part C11
Added Parameter Value= to Part C12
Added Parameter Value= to Part C13
Added Parameter Value= to Part C14
Added Parameter Value= to Part C15
Added Parameter Value= to Part C16
Added Parameter Value= to Part C17
Added Parameter Value= to Part C18
Added Parameter Value= to Part C19
Added Parameter Value= to Part C20
Added Parameter Value= to Part C21
Added Parameter Value= to Part C22
Added Parameter Value= to Part DA1
Added Parameter Value= to Part DA2
Added Parameter Value= to Part DA3
Added Parameter Value= to Part DA4
Added Parameter Value= to Part DA5
Added Parameter Value= to Part DA6
Added Parameter Value= to Part DA7
Added Parameter Value= to Part L1
Added Parameter Value= to Part L2
Added Parameter Value= to Part L3
Added Parameter Value= to Part L4
Added Parameter Value= to Part L5
Added Parameter Value= to Part L6
Added Parameter Value= to Part L7
Added Parameter Value= to Part L8
Added Parameter Value= to Part L9
Added Parameter Value= to Part L10
Added Parameter Value= to Part L11
Added Parameter Value= to Part L12
Added Parameter Value= to Part R1
Added Parameter Value= to Part X1
Added Parameter Value= to Part X2
Added Parameter Value= to Part XW1
Added Parameter Value= to Part XW2
Added Parameter Value= to Part XW3
Added Parameter Value= to Part XW4
Replace Symbol from C1 C in C:\Users\Андрей\Documents\БЭК\Kasp pelleng\kasp-switch\Hardware design\Плата коммутации\Принципиальная схема ЕСКД.SchDoc with C from kasp_komut_lib.SchLib
Replace Symbol from C2 C in C:\Users\Андрей\Documents\БЭК\Kasp pelleng\kasp-switch\Hardware design\Плата коммутации\Принципиальная схема ЕСКД.SchDoc with C from kasp_komut_lib.SchLib
Replace Symbol from C3 C in C:\Users\Андрей\Documents\БЭК\Kasp pelleng\kasp-switch\Hardware design\Плата коммутации\Принципиальная схема ЕСКД.SchDoc with C from kasp_komut_lib.SchLib
Replace Symbol from C4 C in C:\Users\Андрей\Documents\БЭК\Kasp pelleng\kasp-switch\Hardware design\Плата коммутации\Принципиальная схема ЕСКД.SchDoc with C from kasp_komut_lib.SchLib
Replace Symbol from C5 C in C:\Users\Андрей\Documents\БЭК\Kasp pelleng\kasp-switch\Hardware design\Плата коммутации\Принципиальная схема ЕСКД.SchDoc with C from kasp_komut_lib.SchLib
Replace Symbol from C6 C in C:\Users\Андрей\Documents\БЭК\Kasp pelleng\kasp-switch\Hardware design\Плата коммутации\Принципиальная схема ЕСКД.SchDoc with C from kasp_komut_lib.SchLib
Replace Symbol from C7 C in C:\Users\Андрей\Documents\БЭК\Kasp pelleng\kasp-switch\Hardware design\Плата коммутации\Принципиальная схема ЕСКД.SchDoc with C from kasp_komut_lib.SchLib
Replace Symbol from C8 C in C:\Users\Андрей\Documents\БЭК\Kasp pelleng\kasp-switch\Hardware design\Плата коммутации\Принципиальная схема ЕСКД.SchDoc with C from kasp_komut_lib.SchLib
Replace Symbol from C9 C in C:\Users\Андрей\Documents\БЭК\Kasp pelleng\kasp-switch\Hardware design\Плата коммутации\Принципиальная схема ЕСКД.SchDoc with C from kasp_komut_lib.SchLib
Replace Symbol from C10 C in C:\Users\Андрей\Documents\БЭК\Kasp pelleng\kasp-switch\Hardware design\Плата коммутации\Принципиальная схема ЕСКД.SchDoc with C from kasp_komut_lib.SchLib
Replace Symbol from C11 C in C:\Users\Андрей\Documents\БЭК\Kasp pelleng\kasp-switch\Hardware design\Плата коммутации\Принципиальная схема ЕСКД.SchDoc with C from kasp_komut_lib.SchLib
Replace Symbol from C12 C in C:\Users\Андрей\Documents\БЭК\Kasp pelleng\kasp-switch\Hardware design\Плата коммутации\Принципиальная схема ЕСКД.SchDoc with C from kasp_komut_lib.SchLib
Replace Symbol from C13 C in C:\Users\Андрей\Documents\БЭК\Kasp pelleng\kasp-switch\Hardware design\Плата коммутации\Принципиальная схема ЕСКД.SchDoc with C from kasp_komut_lib.SchLib
Replace Symbol from C14 C in C:\Users\Андрей\Documents\БЭК\Kasp pelleng\kasp-switch\Hardware design\Плата коммутации\Принципиальная схема ЕСКД.SchDoc with C from kasp_komut_lib.SchLib
Replace Symbol from C15 C in C:\Users\Андрей\Documents\БЭК\Kasp pelleng\kasp-switch\Hardware design\Плата коммутации\Принципиальная схема ЕСКД.SchDoc with C from kasp_komut_lib.SchLib
Replace Symbol from C16 C in C:\Users\Андрей\Documents\БЭК\Kasp pelleng\kasp-switch\Hardware design\Плата коммутации\Принципиальная схема ЕСКД.SchDoc with C from kasp_komut_lib.SchLib
Replace Symbol from C17 C in C:\Users\Андрей\Documents\БЭК\Kasp pelleng\kasp-switch\Hardware design\Плата коммутации\Принципиальная схема ЕСКД.SchDoc with C from kasp_komut_lib.SchLib
Replace Symbol from C18 C in C:\Users\Андрей\Documents\БЭК\Kasp pelleng\kasp-switch\Hardware design\Плата коммутации\Принципиальная схема ЕСКД.SchDoc with C from kasp_komut_lib.SchLib
Replace Symbol from C19 C in C:\Users\Андрей\Documents\БЭК\Kasp pelleng\kasp-switch\Hardware design\Плата коммутации\Принципиальная схема ЕСКД.SchDoc with C from kasp_komut_lib.SchLib
Replace Symbol from C20 C in C:\Users\Андрей\Documents\БЭК\Kasp pelleng\kasp-switch\Hardware design\Плата коммутации\Принципиальная схема ЕСКД.SchDoc with C from kasp_komut_lib.SchLib
Replace Symbol from C21 C in C:\Users\Андрей\Documents\БЭК\Kasp pelleng\kasp-switch\Hardware design\Плата коммутации\Принципиальная схема ЕСКД.SchDoc with C from kasp_komut_lib.SchLib
Replace Symbol from C22 C in C:\Users\Андрей\Documents\БЭК\Kasp pelleng\kasp-switch\Hardware design\Плата коммутации\Принципиальная схема ЕСКД.SchDoc with C from kasp_komut_lib.SchLib
Replace Symbol from DA1 PMA3-83LN+ in C:\Users\Андрей\Documents\БЭК\Kasp pelleng\kasp-switch\Hardware design\Плата коммутации\Принципиальная схема ЕСКД.SchDoc with PMA3-83LN+ from kasp_komut_lib.SchLib
Replace Symbol from DA2 HMC7992 in C:\Users\Андрей\Documents\БЭК\Kasp pelleng\kasp-switch\Hardware design\Плата коммутации\Принципиальная схема ЕСКД.SchDoc with HMC7992 from kasp_komut_lib.SchLib
Replace Symbol from DA3 PMA3-83LN+ in C:\Users\Андрей\Documents\БЭК\Kasp pelleng\kasp-switch\Hardware design\Плата коммутации\Принципиальная схема ЕСКД.SchDoc with PMA3-83LN+ from kasp_komut_lib.SchLib
Replace Symbol from DA4 PMA3-83LN+ in C:\Users\Андрей\Documents\БЭК\Kasp pelleng\kasp-switch\Hardware design\Плата коммутации\Принципиальная схема ЕСКД.SchDoc with PMA3-83LN+ from kasp_komut_lib.SchLib
Replace Symbol from DA5 PMA3-83LN+ in C:\Users\Андрей\Documents\БЭК\Kasp pelleng\kasp-switch\Hardware design\Плата коммутации\Принципиальная схема ЕСКД.SchDoc with PMA3-83LN+ from kasp_komut_lib.SchLib
Replace Symbol from DA6 PMA3-83LN+ in C:\Users\Андрей\Documents\БЭК\Kasp pelleng\kasp-switch\Hardware design\Плата коммутации\Принципиальная схема ЕСКД.SchDoc with PMA3-83LN+ from kasp_komut_lib.SchLib
Replace Symbol from DA7 PMA3-83LN+ in C:\Users\Андрей\Documents\БЭК\Kasp pelleng\kasp-switch\Hardware design\Плата коммутации\Принципиальная схема ЕСКД.SchDoc with PMA3-83LN+ from kasp_komut_lib.SchLib
Replace Symbol from L1 L in C:\Users\Андрей\Documents\БЭК\Kasp pelleng\kasp-switch\Hardware design\Плата коммутации\Принципиальная схема ЕСКД.SchDoc with L from kasp_komut_lib.SchLib
Replace Symbol from L2 L in C:\Users\Андрей\Documents\БЭК\Kasp pelleng\kasp-switch\Hardware design\Плата коммутации\Принципиальная схема ЕСКД.SchDoc with L from kasp_komut_lib.SchLib
Replace Symbol from L3 L in C:\Users\Андрей\Documents\БЭК\Kasp pelleng\kasp-switch\Hardware design\Плата коммутации\Принципиальная схема ЕСКД.SchDoc with L from kasp_komut_lib.SchLib
Replace Symbol from L4 L in C:\Users\Андрей\Documents\БЭК\Kasp pelleng\kasp-switch\Hardware design\Плата коммутации\Принципиальная схема ЕСКД.SchDoc with L from kasp_komut_lib.SchLib
Replace Symbol from L5 L in C:\Users\Андрей\Documents\БЭК\Kasp pelleng\kasp-switch\Hardware design\Плата коммутации\Принципиальная схема ЕСКД.SchDoc with L from kasp_komut_lib.SchLib
Replace Symbol from L6 L in C:\Users\Андрей\Documents\БЭК\Kasp pelleng\kasp-switch\Hardware design\Плата коммутации\Принципиальная схема ЕСКД.SchDoc with L from kasp_komut_lib.SchLib
Replace Symbol from L7 L in C:\Users\Андрей\Documents\БЭК\Kasp pelleng\kasp-switch\Hardware design\Плата коммутации\Принципиальная схема ЕСКД.SchDoc with L from kasp_komut_lib.SchLib
Replace Symbol from L8 L in C:\Users\Андрей\Documents\БЭК\Kasp pelleng\kasp-switch\Hardware design\Плата коммутации\Принципиальная схема ЕСКД.SchDoc with L from kasp_komut_lib.SchLib
Replace Symbol from L9 L in C:\Users\Андрей\Documents\БЭК\Kasp pelleng\kasp-switch\Hardware design\Плата коммутации\Принципиальная схема ЕСКД.SchDoc with L from kasp_komut_lib.SchLib
Replace Symbol from L10 L in C:\Users\Андрей\Documents\БЭК\Kasp pelleng\kasp-switch\Hardware design\Плата коммутации\Принципиальная схема ЕСКД.SchDoc with L from kasp_komut_lib.SchLib
Replace Symbol from L11 L in C:\Users\Андрей\Documents\БЭК\Kasp pelleng\kasp-switch\Hardware design\Плата коммутации\Принципиальная схема ЕСКД.SchDoc with L from kasp_komut_lib.SchLib
Replace Symbol from L12 L in C:\Users\Андрей\Documents\БЭК\Kasp pelleng\kasp-switch\Hardware design\Плата коммутации\Принципиальная схема ЕСКД.SchDoc with L from kasp_komut_lib.SchLib
Replace Symbol from R1 R in C:\Users\Андрей\Documents\БЭК\Kasp pelleng\kasp-switch\Hardware design\Плата коммутации\Принципиальная схема ЕСКД.SchDoc with R from kasp_komut_lib.SchLib
Replace Symbol from X1 JST-2P in C:\Users\Андрей\Documents\БЭК\Kasp pelleng\kasp-switch\Hardware design\Плата коммутации\Принципиальная схема ЕСКД.SchDoc with JST-2P from kasp_komut_lib.SchLib
Replace Symbol from X2 JST-3P in C:\Users\Андрей\Documents\БЭК\Kasp pelleng\kasp-switch\Hardware design\Плата коммутации\Принципиальная схема ЕСКД.SchDoc with JST-3P from kasp_komut_lib.SchLib
Replace Symbol from XW1 SMA in C:\Users\Андрей\Documents\БЭК\Kasp pelleng\kasp-switch\Hardware design\Плата коммутации\Принципиальная схема ЕСКД.SchDoc with SMA from kasp_komut_lib.SchLib
Replace Symbol from XW2 SMA in C:\Users\Андрей\Documents\БЭК\Kasp pelleng\kasp-switch\Hardware design\Плата коммутации\Принципиальная схема ЕСКД.SchDoc with SMA from kasp_komut_lib.SchLib
Replace Symbol from XW3 SMA in C:\Users\Андрей\Documents\БЭК\Kasp pelleng\kasp-switch\Hardware design\Плата коммутации\Принципиальная схема ЕСКД.SchDoc with SMA from kasp_komut_lib.SchLib
Replace Symbol from XW4 SMA in C:\Users\Андрей\Documents\БЭК\Kasp pelleng\kasp-switch\Hardware design\Плата коммутации\Принципиальная схема ЕСКД.SchDoc with SMA from kasp_komut_lib.SchLib
