Replace Symbol from C1 C in C:\Users\Андрей\Documents\БЭК\Kasp pelleng\kasp-switch\Hardware design\Плата коммутации\Принципиальная схема ЕСКД.SchDoc with C from kasp_komut_lib.SchLib
Replace Symbol from C2 C in C:\Users\Андрей\Documents\БЭК\Kasp pelleng\kasp-switch\Hardware design\Плата коммутации\Принципиальная схема ЕСКД.SchDoc with C from kasp_komut_lib.SchLib
Replace Symbol from C3 C in C:\Users\Андрей\Documents\БЭК\Kasp pelleng\kasp-switch\Hardware design\Плата коммутации\Принципиальная схема ЕСКД.SchDoc with C from kasp_komut_lib.SchLib
Replace Symbol from C4 C in C:\Users\Андрей\Documents\БЭК\Kasp pelleng\kasp-switch\Hardware design\Плата коммутации\Принципиальная схема ЕСКД.SchDoc with C from kasp_komut_lib.SchLib
Replace Symbol from C5 C in C:\Users\Андрей\Documents\БЭК\Kasp pelleng\kasp-switch\Hardware design\Плата коммутации\Принципиальная схема ЕСКД.SchDoc with C from kasp_komut_lib.SchLib
Replace Symbol from C6 C in C:\Users\Андрей\Documents\БЭК\Kasp pelleng\kasp-switch\Hardware design\Плата коммутации\Принципиальная схема ЕСКД.SchDoc with C from kasp_komut_lib.SchLib
Replace Symbol from C7 C in C:\Users\Андрей\Documents\БЭК\Kasp pelleng\kasp-switch\Hardware design\Плата коммутации\Принципиальная схема ЕСКД.SchDoc with C from kasp_komut_lib.SchLib
Replace Symbol from C8 C in C:\Users\Андрей\Documents\БЭК\Kasp pelleng\kasp-switch\Hardware design\Плата коммутации\Принципиальная схема ЕСКД.SchDoc with C from kasp_komut_lib.SchLib
Replace Symbol from C9 C in C:\Users\Андрей\Documents\БЭК\Kasp pelleng\kasp-switch\Hardware design\Плата коммутации\Принципиальная схема ЕСКД.SchDoc with C from kasp_komut_lib.SchLib
Replace Symbol from C10 C in C:\Users\Андрей\Documents\БЭК\Kasp pelleng\kasp-switch\Hardware design\Плата коммутации\Принципиальная схема ЕСКД.SchDoc with C from kasp_komut_lib.SchLib
Replace Symbol from C11 C in C:\Users\Андрей\Documents\БЭК\Kasp pelleng\kasp-switch\Hardware design\Плата коммутации\Принципиальная схема ЕСКД.SchDoc with C from kasp_komut_lib.SchLib
Replace Symbol from C12 C in C:\Users\Андрей\Documents\БЭК\Kasp pelleng\kasp-switch\Hardware design\Плата коммутации\Принципиальная схема ЕСКД.SchDoc with C from kasp_komut_lib.SchLib
Replace Symbol from C13 C in C:\Users\Андрей\Documents\БЭК\Kasp pelleng\kasp-switch\Hardware design\Плата коммутации\Принципиальная схема ЕСКД.SchDoc with C from kasp_komut_lib.SchLib
Replace Symbol from C14 C in C:\Users\Андрей\Documents\БЭК\Kasp pelleng\kasp-switch\Hardware design\Плата коммутации\Принципиальная схема ЕСКД.SchDoc with C from kasp_komut_lib.SchLib
Replace Symbol from C15 C in C:\Users\Андрей\Documents\БЭК\Kasp pelleng\kasp-switch\Hardware design\Плата коммутации\Принципиальная схема ЕСКД.SchDoc with C from kasp_komut_lib.SchLib
Replace Symbol from C16 C in C:\Users\Андрей\Documents\БЭК\Kasp pelleng\kasp-switch\Hardware design\Плата коммутации\Принципиальная схема ЕСКД.SchDoc with C from kasp_komut_lib.SchLib
Replace Symbol from C17 C in C:\Users\Андрей\Documents\БЭК\Kasp pelleng\kasp-switch\Hardware design\Плата коммутации\Принципиальная схема ЕСКД.SchDoc with C from kasp_komut_lib.SchLib
Replace Symbol from C18 C in C:\Users\Андрей\Documents\БЭК\Kasp pelleng\kasp-switch\Hardware design\Плата коммутации\Принципиальная схема ЕСКД.SchDoc with C from kasp_komut_lib.SchLib
Replace Symbol from C19 C in C:\Users\Андрей\Documents\БЭК\Kasp pelleng\kasp-switch\Hardware design\Плата коммутации\Принципиальная схема ЕСКД.SchDoc with C from kasp_komut_lib.SchLib
Replace Symbol from C20 C in C:\Users\Андрей\Documents\БЭК\Kasp pelleng\kasp-switch\Hardware design\Плата коммутации\Принципиальная схема ЕСКД.SchDoc with C from kasp_komut_lib.SchLib
Replace Symbol from C21 C in C:\Users\Андрей\Documents\БЭК\Kasp pelleng\kasp-switch\Hardware design\Плата коммутации\Принципиальная схема ЕСКД.SchDoc with C from kasp_komut_lib.SchLib
Replace Symbol from C22 C in C:\Users\Андрей\Documents\БЭК\Kasp pelleng\kasp-switch\Hardware design\Плата коммутации\Принципиальная схема ЕСКД.SchDoc with C from kasp_komut_lib.SchLib
Replace Symbol from DA1 PMA3-83LN+ in C:\Users\Андрей\Documents\БЭК\Kasp pelleng\kasp-switch\Hardware design\Плата коммутации\Принципиальная схема ЕСКД.SchDoc with PMA3-83LN+ from kasp_komut_lib.SchLib
Replace Symbol from DA2 HMC7992 in C:\Users\Андрей\Documents\БЭК\Kasp pelleng\kasp-switch\Hardware design\Плата коммутации\Принципиальная схема ЕСКД.SchDoc with HMC7992 from kasp_komut_lib.SchLib
Replace Symbol from DA3 PMA3-83LN+ in C:\Users\Андрей\Documents\БЭК\Kasp pelleng\kasp-switch\Hardware design\Плата коммутации\Принципиальная схема ЕСКД.SchDoc with PMA3-83LN+ from kasp_komut_lib.SchLib
Replace Symbol from DA4 PMA3-83LN+ in C:\Users\Андрей\Documents\БЭК\Kasp pelleng\kasp-switch\Hardware design\Плата коммутации\Принципиальная схема ЕСКД.SchDoc with PMA3-83LN+ from kasp_komut_lib.SchLib
Replace Symbol from DA5 PMA3-83LN+ in C:\Users\Андрей\Documents\БЭК\Kasp pelleng\kasp-switch\Hardware design\Плата коммутации\Принципиальная схема ЕСКД.SchDoc with PMA3-83LN+ from kasp_komut_lib.SchLib
Replace Symbol from DA6 PMA3-83LN+ in C:\Users\Андрей\Documents\БЭК\Kasp pelleng\kasp-switch\Hardware design\Плата коммутации\Принципиальная схема ЕСКД.SchDoc with PMA3-83LN+ from kasp_komut_lib.SchLib
Replace Symbol from DA7 PMA3-83LN+ in C:\Users\Андрей\Documents\БЭК\Kasp pelleng\kasp-switch\Hardware design\Плата коммутации\Принципиальная схема ЕСКД.SchDoc with PMA3-83LN+ from kasp_komut_lib.SchLib
Replace Symbol from L1 L in C:\Users\Андрей\Documents\БЭК\Kasp pelleng\kasp-switch\Hardware design\Плата коммутации\Принципиальная схема ЕСКД.SchDoc with L from kasp_komut_lib.SchLib
Replace Symbol from L2 L in C:\Users\Андрей\Documents\БЭК\Kasp pelleng\kasp-switch\Hardware design\Плата коммутации\Принципиальная схема ЕСКД.SchDoc with L from kasp_komut_lib.SchLib
Replace Symbol from L3 L in C:\Users\Андрей\Documents\БЭК\Kasp pelleng\kasp-switch\Hardware design\Плата коммутации\Принципиальная схема ЕСКД.SchDoc with L from kasp_komut_lib.SchLib
Replace Symbol from L4 L in C:\Users\Андрей\Documents\БЭК\Kasp pelleng\kasp-switch\Hardware design\Плата коммутации\Принципиальная схема ЕСКД.SchDoc with L from kasp_komut_lib.SchLib
Replace Symbol from L5 L in C:\Users\Андрей\Documents\БЭК\Kasp pelleng\kasp-switch\Hardware design\Плата коммутации\Принципиальная схема ЕСКД.SchDoc with L from kasp_komut_lib.SchLib
Replace Symbol from L6 L in C:\Users\Андрей\Documents\БЭК\Kasp pelleng\kasp-switch\Hardware design\Плата коммутации\Принципиальная схема ЕСКД.SchDoc with L from kasp_komut_lib.SchLib
Replace Symbol from L7 L in C:\Users\Андрей\Documents\БЭК\Kasp pelleng\kasp-switch\Hardware design\Плата коммутации\Принципиальная схема ЕСКД.SchDoc with L from kasp_komut_lib.SchLib
Replace Symbol from L8 L in C:\Users\Андрей\Documents\БЭК\Kasp pelleng\kasp-switch\Hardware design\Плата коммутации\Принципиальная схема ЕСКД.SchDoc with L from kasp_komut_lib.SchLib
Replace Symbol from L9 L in C:\Users\Андрей\Documents\БЭК\Kasp pelleng\kasp-switch\Hardware design\Плата коммутации\Принципиальная схема ЕСКД.SchDoc with L from kasp_komut_lib.SchLib
Replace Symbol from L10 L in C:\Users\Андрей\Documents\БЭК\Kasp pelleng\kasp-switch\Hardware design\Плата коммутации\Принципиальная схема ЕСКД.SchDoc with L from kasp_komut_lib.SchLib
Replace Symbol from L11 L in C:\Users\Андрей\Documents\БЭК\Kasp pelleng\kasp-switch\Hardware design\Плата коммутации\Принципиальная схема ЕСКД.SchDoc with L from kasp_komut_lib.SchLib
Replace Symbol from L12 L in C:\Users\Андрей\Documents\БЭК\Kasp pelleng\kasp-switch\Hardware design\Плата коммутации\Принципиальная схема ЕСКД.SchDoc with L from kasp_komut_lib.SchLib
Replace Symbol from R1 R in C:\Users\Андрей\Documents\БЭК\Kasp pelleng\kasp-switch\Hardware design\Плата коммутации\Принципиальная схема ЕСКД.SchDoc with R from kasp_komut_lib.SchLib
Replace Symbol from X1 JST-2P in C:\Users\Андрей\Documents\БЭК\Kasp pelleng\kasp-switch\Hardware design\Плата коммутации\Принципиальная схема ЕСКД.SchDoc with JST-2P from kasp_komut_lib.SchLib
Replace Symbol from X2 JST-3P in C:\Users\Андрей\Documents\БЭК\Kasp pelleng\kasp-switch\Hardware design\Плата коммутации\Принципиальная схема ЕСКД.SchDoc with JST-3P from kasp_komut_lib.SchLib
Replace Symbol from XW1 SMA in C:\Users\Андрей\Documents\БЭК\Kasp pelleng\kasp-switch\Hardware design\Плата коммутации\Принципиальная схема ЕСКД.SchDoc with SMA from kasp_komut_lib.SchLib
Replace Symbol from XW2 SMA in C:\Users\Андрей\Documents\БЭК\Kasp pelleng\kasp-switch\Hardware design\Плата коммутации\Принципиальная схема ЕСКД.SchDoc with SMA from kasp_komut_lib.SchLib
Replace Symbol from XW3 SMA in C:\Users\Андрей\Documents\БЭК\Kasp pelleng\kasp-switch\Hardware design\Плата коммутации\Принципиальная схема ЕСКД.SchDoc with SMA from kasp_komut_lib.SchLib
Replace Symbol from XW4 SMA in C:\Users\Андрей\Documents\БЭК\Kasp pelleng\kasp-switch\Hardware design\Плата коммутации\Принципиальная схема ЕСКД.SchDoc with SMA from kasp_komut_lib.SchLib
