Change Physical Footprint: Designator=C5 Old Footprint=CAPC2012X10N New Footprint=CAPC2012X10N
Change Physical Footprint: Designator=C6 Old Footprint=FP-TAJA-MFG New Footprint=FP-TAJA-MFG
Change Physical Footprint: Designator=C7 Old Footprint=FP-TAJB-MFG New Footprint=FP-TAJB-MFG
Change Physical Footprint: Designator=C9 Old Footprint=CAPC2012X10N New Footprint=CAPC2012X10N
Change Physical Footprint: Designator=C13 Old Footprint=CAPC2012X10N New Footprint=CAPC2012X10N
Change Physical Footprint: Designator=C14 Old Footprint=FP-TAJA-MFG New Footprint=FP-TAJA-MFG
Change Physical Footprint: Designator=C15 Old Footprint=FP-TAJB-MFG New Footprint=FP-TAJB-MFG
Change Physical Footprint: Designator=DD1 Old Footprint=FP-BME280-MFG New Footprint=FP-BME280-MFG
Change Physical Footprint: Designator=L1 Old Footprint=WE-TPC_4828 New Footprint=WE-TPC_4828
Change Physical Footprint: Designator=L2 Old Footprint=WE-TPC_4828 New Footprint=WE-TPC_4828
Change Physical Footprint: Designator=R2 Old Footprint=RES0805 New Footprint=RES0805
Change Physical Footprint: Designator=R7 Old Footprint=RES0805 New Footprint=RES0805
Change Physical Footprint: Designator=R8 Old Footprint=RES0805 New Footprint=RES0805
Change Physical Footprint: Designator=R9 Old Footprint=RES0805 New Footprint=RES0805
Change Physical Footprint: Designator=R10 Old Footprint=RES0805 New Footprint=RES0805
Change Physical Footprint: Designator=R12 Old Footprint=RES0805 New Footprint=RES0805
Change Physical Footprint: Designator=VD1 Old Footprint=FP-SOD123-IPC_B New Footprint=FP-SOD123-IPC_B
Change Physical Footprint: Designator=X1 Old Footprint=FP-S4B-XH-A-1_LF_SN-MFG New Footprint=FP-S4B-XH-A-1_LF_SN-MFG
Change Physical Footprint: Designator=X2 Old Footprint=FP-S4B-XH-A-1_LF_SN-MFG New Footprint=FP-S4B-XH-A-1_LF_SN-MFG
Change Physical Footprint: Designator=X3 Old Footprint=FP-S4B-XH-A-1_LF_SN-MFG New Footprint=FP-S4B-XH-A-1_LF_SN-MFG
Change Physical Footprint: Designator=X4 Old Footprint=FP-S4B-XH-A-1_LF_SN-MFG New Footprint=FP-S4B-XH-A-1_LF_SN-MFG
Change Physical Footprint: Designator=X5 Old Footprint=691313510002 New Footprint=691313510002
Change Physical Footprint: Designator=X6 Old Footprint=FP-S6B-XH-A_LF_SN-MFG New Footprint=FP-S6B-XH-A_LF_SN-MFG
